
Discarded input sections

 .text          0x00000000        0x0 /usr/local/csl/arm-2014.05/bin/../lib/gcc/arm-none-eabi/4.8.3/thumb2/crti.o
 .data          0x00000000        0x0 /usr/local/csl/arm-2014.05/bin/../lib/gcc/arm-none-eabi/4.8.3/thumb2/crti.o
 .bss           0x00000000        0x0 /usr/local/csl/arm-2014.05/bin/../lib/gcc/arm-none-eabi/4.8.3/thumb2/crti.o
 .data          0x00000000        0x4 /usr/local/csl/arm-2014.05/bin/../lib/gcc/arm-none-eabi/4.8.3/thumb2/crtbegin.o
 .group         0x00000000        0x8 build/src/clib.o
 .group         0x00000000        0x8 build/src/clib.o
 .group         0x00000000        0x8 build/src/clib.o
 .group         0x00000000        0x8 build/src/clib.o
 .group         0x00000000        0x8 build/src/clib.o
 .group         0x00000000        0x8 build/src/clib.o
 .group         0x00000000        0x8 build/src/clib.o
 .group         0x00000000        0x8 build/src/clib.o
 .group         0x00000000        0x8 build/src/clib.o
 .group         0x00000000        0x8 build/src/clib.o
 .group         0x00000000        0x8 build/src/clib.o
 .group         0x00000000        0x8 build/src/clib.o
 .group         0x00000000        0x8 build/src/clib.o
 .group         0x00000000        0x8 build/src/clib.o
 .group         0x00000000        0x8 build/src/clib.o
 .group         0x00000000        0x8 build/src/clib.o
 .group         0x00000000        0x8 build/src/clib.o
 .group         0x00000000        0x8 build/src/clib.o
 .group         0x00000000        0x8 build/src/clib.o
 .group         0x00000000        0x8 build/src/clib.o
 .group         0x00000000        0x8 build/src/clib.o
 .group         0x00000000        0x8 build/src/clib.o
 .group         0x00000000        0x8 build/src/clib.o
 .group         0x00000000        0x8 build/src/clib.o
 .group         0x00000000        0x8 build/src/clib.o
 .group         0x00000000        0x8 build/src/clib.o
 .group         0x00000000        0x8 build/src/clib.o
 .group         0x00000000        0x8 build/src/clib.o
 .group         0x00000000        0x8 build/src/clib.o
 .group         0x00000000        0x8 build/src/clib.o
 .group         0x00000000        0x8 build/src/clib.o
 .group         0x00000000        0x8 build/src/clib.o
 .group         0x00000000        0x8 build/src/clib.o
 .text          0x00000000        0x0 build/src/clib.o
 .data          0x00000000        0x0 build/src/clib.o
 .bss           0x00000000        0x0 build/src/clib.o
 .text.sprintf  0x00000000      0x1a8 build/src/clib.o
 .text.utoa     0x00000000       0x88 build/src/clib.o
 .bss.buf.5316  0x00000000       0x20 build/src/clib.o
 .group         0x00000000        0x8 build/src/devfs.o
 .group         0x00000000        0x8 build/src/devfs.o
 .group         0x00000000        0x8 build/src/devfs.o
 .group         0x00000000        0x8 build/src/devfs.o
 .group         0x00000000        0x8 build/src/devfs.o
 .group         0x00000000        0x8 build/src/devfs.o
 .group         0x00000000        0x8 build/src/devfs.o
 .group         0x00000000        0x8 build/src/devfs.o
 .group         0x00000000        0x8 build/src/devfs.o
 .group         0x00000000        0x8 build/src/devfs.o
 .group         0x00000000        0x8 build/src/devfs.o
 .group         0x00000000        0x8 build/src/devfs.o
 .group         0x00000000        0x8 build/src/devfs.o
 .group         0x00000000        0x8 build/src/devfs.o
 .group         0x00000000        0x8 build/src/devfs.o
 .group         0x00000000        0x8 build/src/devfs.o
 .group         0x00000000        0x8 build/src/devfs.o
 .group         0x00000000        0x8 build/src/devfs.o
 .group         0x00000000        0x8 build/src/devfs.o
 .group         0x00000000        0x8 build/src/devfs.o
 .group         0x00000000        0x8 build/src/devfs.o
 .group         0x00000000        0x8 build/src/devfs.o
 .group         0x00000000        0x8 build/src/devfs.o
 .group         0x00000000        0x8 build/src/devfs.o
 .group         0x00000000        0x8 build/src/devfs.o
 .group         0x00000000        0x8 build/src/devfs.o
 .group         0x00000000        0x8 build/src/devfs.o
 .group         0x00000000        0x8 build/src/devfs.o
 .group         0x00000000        0x8 build/src/devfs.o
 .group         0x00000000        0x8 build/src/devfs.o
 .group         0x00000000        0x8 build/src/devfs.o
 .group         0x00000000        0x8 build/src/devfs.o
 .group         0x00000000        0x8 build/src/devfs.o
 .group         0x00000000        0x8 build/src/devfs.o
 .group         0x00000000        0x8 build/src/devfs.o
 .group         0x00000000        0x8 build/src/devfs.o
 .text          0x00000000        0x0 build/src/devfs.o
 .data          0x00000000        0x0 build/src/devfs.o
 .bss           0x00000000        0x0 build/src/devfs.o
 .debug_macro   0x00000000      0x88c build/src/devfs.o
 .debug_macro   0x00000000       0x52 build/src/devfs.o
 .debug_macro   0x00000000       0x16 build/src/devfs.o
[...]
Memory Configuration

Name             Origin             Length             Attributes
FLASH            0x08000000         0x00200000         xr
RAM              0x20000000         0x00030000         xrw
MEMORY_B1        0x60000000         0x00000000         xr
CCMRAM           0x10000000         0x00010000         rw
*default*        0x00000000         0xffffffff

Linker script and memory map

LOAD /usr/local/csl/arm-2014.05/bin/../lib/gcc/arm-none-eabi/4.8.3/thumb2/crti.o
LOAD /usr/local/csl/arm-2014.05/bin/../lib/gcc/arm-none-eabi/4.8.3/thumb2/crtbegin.o
LOAD build/src/clib.o
LOAD build/src/devfs.o
LOAD build/src/filesystem.o
LOAD build/src/fio.o
LOAD build/src/hash-djb2.o
LOAD build/src/host.o
LOAD build/src/main.o
LOAD build/src/mmtest.o
LOAD build/src/osdebug.o
LOAD build/src/ramfs.o
LOAD build/src/shell.o
LOAD build/src/stm32_f429.o
LOAD build/src/string-util.o
LOAD build/freertos/croutine.o
LOAD build/freertos/event_groups.o
LOAD build/freertos/list.o
LOAD build/freertos/queue.o
LOAD build/freertos/tasks.o
LOAD build/freertos/timers.o
LOAD build/CORTEX_M4F_STM32F4/Libraries/STM32F4xx_StdPeriph_Driver/src/misc.o
LOAD build/CORTEX_M4F_STM32F4/Libraries/STM32F4xx_StdPeriph_Driver/src/stm32f4xx_adc.o
LOAD build/CORTEX_M4F_STM32F4/Libraries/STM32F4xx_StdPeriph_Driver/src/stm32f4xx_can.o
LOAD build/CORTEX_M4F_STM32F4/Libraries/STM32F4xx_StdPeriph_Driver/src/stm32f4xx_crc.o
LOAD build/CORTEX_M4F_STM32F4/Libraries/STM32F4xx_StdPeriph_Driver/src/stm32f4xx_cryp_aes.o
LOAD build/CORTEX_M4F_STM32F4/Libraries/STM32F4xx_StdPeriph_Driver/src/stm32f4xx_cryp.o
LOAD build/CORTEX_M4F_STM32F4/Libraries/STM32F4xx_StdPeriph_Driver/src/stm32f4xx_cryp_des.o
LOAD build/CORTEX_M4F_STM32F4/Libraries/STM32F4xx_StdPeriph_Driver/src/stm32f4xx_cryp_tdes.o
LOAD build/CORTEX_M4F_STM32F4/Libraries/STM32F4xx_StdPeriph_Driver/src/stm32f4xx_dac.o
LOAD build/CORTEX_M4F_STM32F4/Libraries/STM32F4xx_StdPeriph_Driver/src/stm32f4xx_dbgmcu.o
LOAD build/CORTEX_M4F_STM32F4/Libraries/STM32F4xx_StdPeriph_Driver/src/stm32f4xx_dcmi.o
LOAD build/CORTEX_M4F_STM32F4/Libraries/STM32F4xx_StdPeriph_Driver/src/stm32f4xx_dma2d.o
LOAD build/CORTEX_M4F_STM32F4/Libraries/STM32F4xx_StdPeriph_Driver/src/stm32f4xx_dma.o
LOAD build/CORTEX_M4F_STM32F4/Libraries/STM32F4xx_StdPeriph_Driver/src/stm32f4xx_exti.o
LOAD build/CORTEX_M4F_STM32F4/Libraries/STM32F4xx_StdPeriph_Driver/src/stm32f4xx_flash.o
LOAD build/CORTEX_M4F_STM32F4/Libraries/STM32F4xx_StdPeriph_Driver/src/stm32f4xx_fmc.o
LOAD build/CORTEX_M4F_STM32F4/Libraries/STM32F4xx_StdPeriph_Driver/src/stm32f4xx_gpio.o
LOAD build/CORTEX_M4F_STM32F4/Libraries/STM32F4xx_StdPeriph_Driver/src/stm32f4xx_hash.o
LOAD build/CORTEX_M4F_STM32F4/Libraries/STM32F4xx_StdPeriph_Driver/src/stm32f4xx_hash_md5.o
LOAD build/CORTEX_M4F_STM32F4/Libraries/STM32F4xx_StdPeriph_Driver/src/stm32f4xx_hash_sha1.o
LOAD build/CORTEX_M4F_STM32F4/Libraries/STM32F4xx_StdPeriph_Driver/src/stm32f4xx_i2c.o
LOAD build/CORTEX_M4F_STM32F4/Libraries/STM32F4xx_StdPeriph_Driver/src/stm32f4xx_iwdg.o
LOAD build/CORTEX_M4F_STM32F4/Libraries/STM32F4xx_StdPeriph_Driver/src/stm32f4xx_ltdc.o
LOAD build/CORTEX_M4F_STM32F4/Libraries/STM32F4xx_StdPeriph_Driver/src/stm32f4xx_pwr.o
LOAD build/CORTEX_M4F_STM32F4/Libraries/STM32F4xx_StdPeriph_Driver/src/stm32f4xx_rcc.o
LOAD build/CORTEX_M4F_STM32F4/Libraries/STM32F4xx_StdPeriph_Driver/src/stm32f4xx_rng.o
LOAD build/CORTEX_M4F_STM32F4/Libraries/STM32F4xx_StdPeriph_Driver/src/stm32f4xx_rtc.o
LOAD build/CORTEX_M4F_STM32F4/Libraries/STM32F4xx_StdPeriph_Driver/src/stm32f4xx_sai.o
LOAD build/CORTEX_M4F_STM32F4/Libraries/STM32F4xx_StdPeriph_Driver/src/stm32f4xx_sdio.o
LOAD build/CORTEX_M4F_STM32F4/Libraries/STM32F4xx_StdPeriph_Driver/src/stm32f4xx_spi.o
LOAD build/CORTEX_M4F_STM32F4/Libraries/STM32F4xx_StdPeriph_Driver/src/stm32f4xx_syscfg.o
LOAD build/CORTEX_M4F_STM32F4/Libraries/STM32F4xx_StdPeriph_Driver/src/stm32f4xx_tim.o
LOAD build/CORTEX_M4F_STM32F4/Libraries/STM32F4xx_StdPeriph_Driver/src/stm32f4xx_usart.o
LOAD build/CORTEX_M4F_STM32F4/Libraries/STM32F4xx_StdPeriph_Driver/src/stm32f4xx_wwdg.o
LOAD build/freertos/portable/MemMang/heap_1.o
LOAD build/freertos/portable/GCC/ARM_CM4F/port.o
LOAD build/CORTEX_M4F_STM32F4/startup_stm32f429_439xx.o
LOAD build/CORTEX_M4F_STM32F4/startup/system_stm32f4xx.o
START GROUP
LOAD /usr/local/csl/arm-2014.05/bin/../lib/gcc/arm-none-eabi/4.8.3/thumb2/libgcc.a
LOAD /usr/local/csl/arm-2014.05/bin/../lib/gcc/arm-none-eabi/4.8.3/../../../../arm-none-eabi/lib/thumb2/libc.a
END GROUP
LOAD /usr/local/csl/arm-2014.05/bin/../lib/gcc/arm-none-eabi/4.8.3/thumb2/crtend.o
LOAD /usr/local/csl/arm-2014.05/bin/../lib/gcc/arm-none-eabi/4.8.3/thumb2/crtn.o
                0x20030000                _estack = 0x20030000
                0x00000000                _Min_Heap_Size = 0x0
                0x00000400                _Min_Stack_Size = 0x400

.isr_vector     0x08000000      0x1ac
                0x08000000                . = ALIGN (0x4)
 *(.isr_vector)
 .isr_vector    0x08000000      0x1ac build/CORTEX_M4F_STM32F4/startup_stm32f429_439xx.o
                0x08000000                g_pfnVectors
                0x080001ac                . = ALIGN (0x4)

.text           0x080001ac     0x5884
                0x080001ac                . = ALIGN (0x4)
 *(.text)
 .text          0x080001ac       0xc8 /usr/local/csl/arm-2014.05/bin/../lib/gcc/arm-none-eabi/4.8.3/thumb2/crtbegin.o
 *(.text*)
 .text.fio_printf
                0x08000274      0x108 build/src/clib.o
                0x08000274                fio_printf
 .text.strlen   0x0800037c       0x30 build/src/clib.o
                0x0800037c                strlen
 .text.strcat   0x080003ac       0x4c build/src/clib.o
                0x080003ac                strcat
 .text.itoa     0x080003f8       0xb8 build/src/clib.o
                0x080003f8                itoa
 .text.malloc   0x080004b0       0x18 build/src/clib.o
                0x080004b0                malloc
 .text.calloc   0x080004c8       0x24 build/src/clib.o
                0x080004c8                calloc
 .text.free     0x080004ec       0x14 build/src/clib.o
                0x080004ec                free
 .text.stdin_read
                0x08000500       0xe4 build/src/devfs.o
                0x08000500                stdin_read
 .text.stdout_write
                0x080005e4       0x40 build/src/devfs.o
                0x080005e4                stdout_write
 .text.devfs_root_lookup
                0x08000624       0x7c build/src/devfs.o
                0x08000624                devfs_root_lookup
 .text.devfs_read_inode
                0x080006a0       0x80 build/src/devfs.o
                0x080006a0                devfs_read_inode
 .text.devfs_read_superblock
                0x08000720       0x24 build/src/devfs.o
                0x08000720                devfs_read_superblock
 .text.register_devfs
                0x08000744       0x20 build/src/devfs.o
                0x08000744                register_devfs
 .text.get_stdin_node
                0x08000764       0x18 build/src/devfs.o
                0x08000764                get_stdin_node
 .text.get_stdout_node
                0x0800077c       0x18 build/src/devfs.o
                0x0800077c                get_stdout_node
 .text.get_stderr_node
                0x08000794       0x18 build/src/devfs.o
                0x08000794                get_stderr_node
 .text.fs_init  0x080007ac       0x2c build/src/filesystem.o
                0x080007ac                fs_init
 .text.register_fs
                0x080007d8       0x30 build/src/filesystem.o
                0x080007d8                register_fs
 .text.fs_mount
                0x08000808      0x110 build/src/filesystem.o
                0x08000808                fs_mount
 .text.fs_get_inode
                0x08000918      0x248 build/src/filesystem.o
                0x08000918                fs_get_inode
 .text.fs_free_inode
                0x08000b60       0x20 build/src/filesystem.o
                0x08000b60                fs_free_inode
 .text.get_inode_by_path
                0x08000b80      0x194 build/src/filesystem.o
                0x08000b80                get_inode_by_path
 .text.fio_is_open_int
                0x08000d14       0x48 build/src/fio.o
 .text.fio_is_dir_open_int
                0x08000d5c       0x48 build/src/fio.o
 .text.fio_findfd
                0x08000da4       0x34 build/src/fio.o
 .text.fio_finddd
                0x08000dd8       0x34 build/src/fio.o
 .text.fio_open
                0x08000e0c      0x2d8 build/src/fio.o
                0x08000e0c                fio_open
 .text.fio_mkdir
                0x080010e4      0x1b8 build/src/fio.o
                0x080010e4                fio_mkdir
 .text.fio_opendir
                0x0800129c      0x2ac build/src/fio.o
                0x0800129c                fio_opendir
 .text.fio_read
                0x08001548      0x118 build/src/fio.o
                0x08001548                fio_read
 .text.fio_readdir
                0x08001660       0xbc build/src/fio.o
                0x08001660                fio_readdir
 .text.fio_write
                0x0800171c      0x120 build/src/fio.o
                0x0800171c                fio_write
 .text.fio_seek
                0x0800183c      0x110 build/src/fio.o
                0x0800183c                fio_seek
 .text.fio_seekdir
                0x0800194c       0xc8 build/src/fio.o
                0x0800194c                fio_seekdir
 .text.fio_close
                0x08001a14       0x94 build/src/fio.o
                0x08001a14                fio_close
 .text.fio_closedir
                0x08001aa8       0x90 build/src/fio.o
                0x08001aa8                fio_closedir
 .text.fio_init
                0x08001b38       0x98 build/src/fio.o
                0x08001b38                fio_init
 .text.hash_djb2
                0x08001bd0       0x4c build/src/hash-djb2.o
                0x08001bd0                hash_djb2
 .text.host_call
                0x08001c1c        0xc build/src/host.o
                0x08001c1c                host_call
 .text.host_system
                0x08001c28       0x38 build/src/host.o
                0x08001c28                host_system
 .text.host_open
                0x08001c60       0x40 build/src/host.o
                0x08001c60                host_open
 .text.host_close
                0x08001ca0       0x28 build/src/host.o
                0x08001ca0                host_close
 .text.host_write
                0x08001cc8       0x3c build/src/host.o
                0x08001cc8                host_write
 .text.host_action
                0x08001d04       0x34 build/src/host.o
                0x08001d04                host_action
 .text.USART1_IRQHandler
                0x08001d38       0xb8 build/src/main.o
                0x08001d38                USART1_IRQHandler
 .text.send_byte
                0x08001df0       0x54 build/src/main.o
                0x08001df0                send_byte
 .text.recv_byte
                0x08001e44       0x44 build/src/main.o
                0x08001e44                recv_byte
 .text.command_prompt
                0x08001e88       0xa0 build/src/main.o
                0x08001e88                command_prompt
 .text.main     0x08001f28       0xb8 build/src/main.o
                0x08001f28                main
 .text.vApplicationTickHook
                0x08001fe0        0xc build/src/main.o
                0x08001fe0                vApplicationTickHook
 .text.circbuf_size
                0x08001fec       0x44 build/src/mmtest.o
 .text.write_cb
                0x08002030       0x8c build/src/mmtest.o
 .text.read_cb  0x080020bc       0xac build/src/mmtest.o
 .text.prng     0x08002168       0x58 build/src/mmtest.o
 .text.mmtest_command
                0x080021c0      0x154 build/src/mmtest.o
                0x080021c0                mmtest_command
 .text.osDbgPrintf
                0x08002314       0x10 build/src/osdebug.o
                0x08002314                osDbgPrintf
 .text.init_superblock
                0x08002324       0x64 build/src/ramfs.o
 .text.add_inode
                0x08002388       0xb4 build/src/ramfs.o
 .text.add_block
                0x0800243c       0x70 build/src/ramfs.o
 .text.ramfs_write
                0x080024ac      0x1d4 build/src/ramfs.o
 .text.ramfs_read
                0x08002680      0x174 build/src/ramfs.o
 .text.ramfs_readdir
                0x080027f4       0xe0 build/src/ramfs.o
 .text.ramfs_seek
                0x080028d4       0xa0 build/src/ramfs.o
                0x080028d4                ramfs_seek
 .text.ramfs_i_create
                0x08002974       0x94 build/src/ramfs.o
                0x08002974                ramfs_i_create
 .text.ramfs_i_mkdir
                0x08002a08       0xa0 build/src/ramfs.o
                0x08002a08                ramfs_i_mkdir
 .text.ramfs_i_lookup
                0x08002aa8      0x100 build/src/ramfs.o
                0x08002aa8                ramfs_i_lookup
 .text.ramfs_read_inode
                0x08002ba8       0xc4 build/src/ramfs.o
                0x08002ba8                ramfs_read_inode
 .text.ramfs_read_superblock
                0x08002c6c       0x70 build/src/ramfs.o
                0x08002c6c                ramfs_read_superblock
 .text.register_ramfs
                0x08002cdc       0x1c build/src/ramfs.o
                0x08002cdc                register_ramfs
 .text.parse_command
                0x08002cf8       0xbc build/src/shell.o
                0x08002cf8                parse_command
 .text.ls_command
                0x08002db4      0x250 build/src/shell.o
                0x08002db4                ls_command
 .text.filedump
                0x08003004       0x74 build/src/shell.o
                0x08003004                filedump
 .text.ps_command
                0x08003078       0x14 build/src/shell.o
                0x08003078                ps_command
 .text.cat_command
                0x0800308c       0x5c build/src/shell.o
                0x0800308c                cat_command
 .text.man_command
                0x080030e8       0x80 build/src/shell.o
                0x080030e8                man_command
 .text.host_command
                0x08003168       0xf4 build/src/shell.o
                0x08003168                host_command
 .text.help_command
                0x0800325c       0x70 build/src/shell.o
                0x0800325c                help_command
 .text.test_command
                0x080032cc       0x90 build/src/shell.o
                0x080032cc                test_command
 .text.test_ramfs_command
                0x0800335c       0x80 build/src/shell.o
                0x0800335c                test_ramfs_command
 .text.do_command
                0x080033dc       0x64 build/src/shell.o
                0x080033dc                do_command
 .text.RCC_Configuration
                0x08003440       0x18 build/src/stm32_f429.o
                0x08003440                RCC_Configuration
 .text.GPIO_Configuration
                0x08003458       0x4c build/src/stm32_f429.o
                0x08003458                GPIO_Configuration
 .text.USART1_Configuration
                0x080034a4       0x44 build/src/stm32_f429.o
                0x080034a4                USART1_Configuration
 .text.init_rs232
                0x080034e8       0x14 build/src/stm32_f429.o
                0x080034e8                init_rs232
 .text.enable_rs232_interrupts
                0x080034fc       0x44 build/src/stm32_f429.o
                0x080034fc                enable_rs232_interrupts
 .text.enable_rs232
                0x08003540       0x14 build/src/stm32_f429.o
                0x08003540                enable_rs232
 .text.memset   0x08003554       0x9c build/src/string-util.o
                0x08003554                memset
 .text.memcpy   0x080035f0       0x94 build/src/string-util.o
                0x080035f0                memcpy
 .text.strchr   0x08003684       0x44 build/src/string-util.o
                0x08003684                strchr
 .text.strcpy   0x080036c8       0x38 build/src/string-util.o
                0x080036c8                strcpy
 .text.strncpy  0x08003700       0x44 build/src/string-util.o
                0x08003700                strncpy
 .text.strcmp   0x08003744       0x44 build/src/string-util.o
                0x08003744                strcmp
 .text.vListInitialise
                0x08003788       0x40 build/freertos/list.o
                0x08003788                vListInitialise
 .text.vListInitialiseItem
                0x080037c8       0x18 build/freertos/list.o
                0x080037c8                vListInitialiseItem
 .text.vListInsertEnd
                0x080037e0       0x48 build/freertos/list.o
                0x080037e0                vListInsertEnd
 .text.vListInsert
                0x08003828       0x70 build/freertos/list.o
                0x08003828                vListInsert
 .text.uxListRemove
                0x08003898       0x54 build/freertos/list.o
                0x08003898                uxListRemove
 .text.xQueueGenericReset
                0x080038ec       0xa4 build/freertos/queue.o
                0x080038ec                xQueueGenericReset
 .text.xQueueGenericCreate
                0x08003990       0x78 build/freertos/queue.o
                0x08003990                xQueueGenericCreate
 .text.xQueueCreateMutex
                0x08003a08       0x84 build/freertos/queue.o
                0x08003a08                xQueueCreateMutex
 .text.xQueueGenericSend
                0x08003a8c      0x118 build/freertos/queue.o
                0x08003a8c                xQueueGenericSend
 .text.xQueueGenericSendFromISR
                0x08003ba4       0x88 build/freertos/queue.o
                0x08003ba4                xQueueGenericSendFromISR
 .text.xQueueGenericReceive
                0x08003c2c      0x170 build/freertos/queue.o
                0x08003c2c                xQueueGenericReceive
 .text.prvCopyDataToQueue
                0x08003d9c       0xd0 build/freertos/queue.o
 .text.prvCopyDataFromQueue
                0x08003e6c       0x4c build/freertos/queue.o
 .text.prvUnlockQueue
                0x08003eb8       0x98 build/freertos/queue.o
 .text.prvIsQueueEmpty
                0x08003f50       0x2c build/freertos/queue.o
 .text.prvIsQueueFull
                0x08003f7c       0x30 build/freertos/queue.o
 .text.xTaskGenericCreate
                0x08003fac      0x188 build/freertos/tasks.o
                0x08003fac                xTaskGenericCreate
 .text.vTaskStartScheduler
                0x08004134       0x5c build/freertos/tasks.o
                0x08004134                vTaskStartScheduler
 .text.vTaskSuspendAll
                0x08004190       0x24 build/freertos/tasks.o
                0x08004190                vTaskSuspendAll
 .text.xTaskResumeAll
                0x080041b4      0x144 build/freertos/tasks.o
                0x080041b4                xTaskResumeAll
 .text.xTaskIncrementTick
                0x080042f8      0x1d8 build/freertos/tasks.o
                0x080042f8                xTaskIncrementTick
 .text.vTaskSwitchContext
                0x080044d0       0xc0 build/freertos/tasks.o
                0x080044d0                vTaskSwitchContext
 .text.vTaskPlaceOnEventList
                0x08004590       0x70 build/freertos/tasks.o
                0x08004590                vTaskPlaceOnEventList
 .text.xTaskRemoveFromEventList
                0x08004600       0xbc build/freertos/tasks.o
                0x08004600                xTaskRemoveFromEventList
 .text.vTaskSetTimeOutState
                0x080046bc       0x30 build/freertos/tasks.o
                0x080046bc                vTaskSetTimeOutState
 .text.xTaskCheckForTimeOut
                0x080046ec       0x8c build/freertos/tasks.o
                0x080046ec                xTaskCheckForTimeOut
 .text.vTaskMissedYield
                0x08004778       0x18 build/freertos/tasks.o
                0x08004778                vTaskMissedYield
 .text.prvIdleTask
                0x08004790       0x20 build/freertos/tasks.o
 .text.prvInitialiseTCBVariables
                0x080047b0       0x90 build/freertos/tasks.o
 .text.prvInitialiseTaskLists
                0x08004840       0x98 build/freertos/tasks.o
 .text.prvCheckTasksWaitingTermination
                0x080048d8       0x94 build/freertos/tasks.o
 .text.prvAddCurrentTaskToDelayedList
                0x0800496c       0x88 build/freertos/tasks.o
 .text.prvAllocateTCBAndStack
                0x080049f4       0x64 build/freertos/tasks.o
 .text.prvDeleteTCB
                0x08004a58       0x20 build/freertos/tasks.o
 .text.prvResetNextTaskUnblockTime
                0x08004a78       0x58 build/freertos/tasks.o
 .text.xTaskGetCurrentTaskHandle
                0x08004ad0       0x20 build/freertos/tasks.o
                0x08004ad0                xTaskGetCurrentTaskHandle
 .text.vTaskPriorityInherit
                0x08004af0       0xe0 build/freertos/tasks.o
                0x08004af0                vTaskPriorityInherit
 .text.vTaskPriorityDisinherit
                0x08004bd0       0x8c build/freertos/tasks.o
                0x08004bd0                vTaskPriorityDisinherit
 .text.NVIC_Init
                0x08004c5c       0xcc build/CORTEX_M4F_STM32F4/Libraries/STM32F4xx_StdPeriph_Driver/src/misc.o
                0x08004c5c                NVIC_Init
 .text.GPIO_Init
                0x08004d28      0x11c build/CORTEX_M4F_STM32F4/Libraries/STM32F4xx_StdPeriph_Driver/src/stm32f4xx_gpio.o
                0x08004d28                GPIO_Init
 .text.GPIO_PinAFConfig
                0x08004e44       0x8c build/CORTEX_M4F_STM32F4/Libraries/STM32F4xx_StdPeriph_Driver/src/stm32f4xx_gpio.o
                0x08004e44                GPIO_PinAFConfig
 .text.RCC_GetClocksFreq
                0x08004ed0      0x1a8 build/CORTEX_M4F_STM32F4/Libraries/STM32F4xx_StdPeriph_Driver/src/stm32f4xx_rcc.o
                0x08004ed0                RCC_GetClocksFreq
 .text.RCC_AHB1PeriphClockCmd
                0x08005078       0x50 build/CORTEX_M4F_STM32F4/Libraries/STM32F4xx_StdPeriph_Driver/src/stm32f4xx_rcc.o
                0x08005078                RCC_AHB1PeriphClockCmd
 .text.RCC_APB2PeriphClockCmd
                0x080050c8       0x50 build/CORTEX_M4F_STM32F4/Libraries/STM32F4xx_StdPeriph_Driver/src/stm32f4xx_rcc.o
                0x080050c8                RCC_APB2PeriphClockCmd
 .text.USART_Init
                0x08005118      0x188 build/CORTEX_M4F_STM32F4/Libraries/STM32F4xx_StdPeriph_Driver/src/stm32f4xx_usart.o
                0x08005118                USART_Init
 .text.USART_Cmd
                0x080052a0       0x40 build/CORTEX_M4F_STM32F4/Libraries/STM32F4xx_StdPeriph_Driver/src/stm32f4xx_usart.o
                0x080052a0                USART_Cmd
 .text.USART_SendData
                0x080052e0       0x24 build/CORTEX_M4F_STM32F4/Libraries/STM32F4xx_StdPeriph_Driver/src/stm32f4xx_usart.o
                0x080052e0                USART_SendData
 .text.USART_ReceiveData
                0x08005304       0x20 build/CORTEX_M4F_STM32F4/Libraries/STM32F4xx_StdPeriph_Driver/src/stm32f4xx_usart.o
                0x08005304                USART_ReceiveData
 .text.USART_ITConfig
                0x08005324       0x90 build/CORTEX_M4F_STM32F4/Libraries/STM32F4xx_StdPeriph_Driver/src/stm32f4xx_usart.o
                0x08005324                USART_ITConfig
 .text.USART_GetITStatus
                0x080053b4       0xb0 build/CORTEX_M4F_STM32F4/Libraries/STM32F4xx_StdPeriph_Driver/src/stm32f4xx_usart.o
                0x080053b4                USART_GetITStatus
 .text.pvPortMalloc
                0x08005464       0xb8 build/freertos/portable/MemMang/heap_1.o
                0x08005464                pvPortMalloc
 .text.vPortFree
                0x0800551c       0x14 build/freertos/portable/MemMang/heap_1.o
                0x0800551c                vPortFree
 .text.pxPortInitialiseStack
                0x08005530       0x68 build/freertos/portable/GCC/ARM_CM4F/port.o
                0x08005530                pxPortInitialiseStack
 .text.prvTaskExitError
                0x08005598        0xc build/freertos/portable/GCC/ARM_CM4F/port.o
 .text.SVC_Handler
                0x080055a4       0x20 build/freertos/portable/GCC/ARM_CM4F/port.o
                0x080055a4                SVC_Handler
 .text.prvPortStartFirstTask
                0x080055c4       0x1c build/freertos/portable/GCC/ARM_CM4F/port.o
 .text.xPortStartScheduler
                0x080055e0       0x70 build/freertos/portable/GCC/ARM_CM4F/port.o
                0x080055e0                xPortStartScheduler
 .text.vPortYield
                0x08005650       0x24 build/freertos/portable/GCC/ARM_CM4F/port.o
                0x08005650                vPortYield
 .text.vPortEnterCritical
                0x08005674       0x28 build/freertos/portable/GCC/ARM_CM4F/port.o
                0x08005674                vPortEnterCritical
 .text.vPortExitCritical
                0x0800569c       0x30 build/freertos/portable/GCC/ARM_CM4F/port.o
                0x0800569c                vPortExitCritical
 .text.ulPortSetInterruptMask
                0x080056cc       0x14 build/freertos/portable/GCC/ARM_CM4F/port.o
                0x080056cc                ulPortSetInterruptMask
 .text.vPortClearInterruptMask
                0x080056e0        0x8 build/freertos/portable/GCC/ARM_CM4F/port.o
                0x080056e0                vPortClearInterruptMask
 .text.PendSV_Handler
                0x080056e8       0x58 build/freertos/portable/GCC/ARM_CM4F/port.o
                0x080056e8                PendSV_Handler
 .text.SysTick_Handler
                0x08005740       0x28 build/freertos/portable/GCC/ARM_CM4F/port.o
                0x08005740                SysTick_Handler
 .text.vPortSetupTimerInterrupt
                0x08005768       0x2c build/freertos/portable/GCC/ARM_CM4F/port.o
                0x08005768                vPortSetupTimerInterrupt
 .text.vPortEnableVFP
                0x08005794       0x14 build/freertos/portable/GCC/ARM_CM4F/port.o
 .text.Reset_Handler
                0x080057a8       0x44 build/CORTEX_M4F_STM32F4/startup_stm32f429_439xx.o
                0x080057a8                Reset_Handler
 .text.Default_Handler
                0x080057ec        0x2 build/CORTEX_M4F_STM32F4/startup_stm32f429_439xx.o
                0x080057ec                RTC_Alarm_IRQHandler
                0x080057ec                HASH_RNG_IRQHandler
                0x080057ec                EXTI2_IRQHandler
                0x080057ec                TIM8_CC_IRQHandler
                0x080057ec                DebugMon_Handler
                0x080057ec                UART8_IRQHandler
                0x080057ec                SPI4_IRQHandler
                0x080057ec                TIM1_CC_IRQHandler
                0x080057ec                DMA2_Stream5_IRQHandler
                0x080057ec                HardFault_Handler
                0x080057ec                DMA1_Stream5_IRQHandler
                0x080057ec                PVD_IRQHandler
                0x080057ec                SDIO_IRQHandler
                0x080057ec                TAMP_STAMP_IRQHandler
                0x080057ec                NMI_Handler
                0x080057ec                CAN2_RX1_IRQHandler
                0x080057ec                EXTI3_IRQHandler
                0x080057ec                TIM8_TRG_COM_TIM14_IRQHandler
                0x080057ec                TIM1_UP_TIM10_IRQHandler
                0x080057ec                TIM8_UP_TIM13_IRQHandler
                0x080057ec                I2C3_ER_IRQHandler
                0x080057ec                EXTI0_IRQHandler
                0x080057ec                I2C2_EV_IRQHandler
                0x080057ec                DMA1_Stream2_IRQHandler
                0x080057ec                CAN1_RX0_IRQHandler
                0x080057ec                FPU_IRQHandler
                0x080057ec                OTG_HS_WKUP_IRQHandler
                0x080057ec                UsageFault_Handler
                0x080057ec                LTDC_ER_IRQHandler
                0x080057ec                CAN2_SCE_IRQHandler
                0x080057ec                DMA2_Stream2_IRQHandler
                0x080057ec                SPI1_IRQHandler
                0x080057ec                TIM6_DAC_IRQHandler
                0x080057ec                TIM1_BRK_TIM9_IRQHandler
                0x080057ec                DCMI_IRQHandler
                0x080057ec                CAN2_RX0_IRQHandler
                0x080057ec                DMA2_Stream3_IRQHandler
                0x080057ec                USART6_IRQHandler
                0x080057ec                USART3_IRQHandler
                0x080057ec                CRYP_IRQHandler
                0x080057ec                CAN1_RX1_IRQHandler
                0x080057ec                UART5_IRQHandler
                0x080057ec                DMA2_Stream0_IRQHandler
                0x080057ec                TIM4_IRQHandler
                0x080057ec                I2C1_EV_IRQHandler
                0x080057ec                DMA1_Stream6_IRQHandler
                0x080057ec                DMA1_Stream1_IRQHandler
                0x080057ec                UART4_IRQHandler
                0x080057ec                TIM3_IRQHandler
                0x080057ec                RCC_IRQHandler
                0x080057ec                TIM8_BRK_TIM12_IRQHandler
                0x080057ec                Default_Handler
                0x080057ec                EXTI15_10_IRQHandler
                0x080057ec                ADC_IRQHandler
                0x080057ec                DMA1_Stream7_IRQHandler
                0x080057ec                SPI5_IRQHandler
                0x080057ec                TIM7_IRQHandler
                0x080057ec                CAN2_TX_IRQHandler
                0x080057ec                TIM5_IRQHandler
                0x080057ec                DMA2_Stream7_IRQHandler
                0x080057ec                I2C3_EV_IRQHandler
                0x080057ec                EXTI9_5_IRQHandler
                0x080057ec                RTC_WKUP_IRQHandler
                0x080057ec                LTDC_IRQHandler
                0x080057ec                ETH_WKUP_IRQHandler
                0x080057ec                SPI2_IRQHandler
                0x080057ec                OTG_HS_EP1_IN_IRQHandler
                0x080057ec                MemManage_Handler
                0x080057ec                DMA1_Stream0_IRQHandler
                0x080057ec                CAN1_TX_IRQHandler
                0x080057ec                EXTI4_IRQHandler
                0x080057ec                FSMC_IRQHandler
                0x080057ec                ETH_IRQHandler
                0x080057ec                OTG_HS_EP1_OUT_IRQHandler
                0x080057ec                WWDG_IRQHandler
                0x080057ec                SPI6_IRQHandler
                0x080057ec                TIM2_IRQHandler
                0x080057ec                OTG_FS_WKUP_IRQHandler
                0x080057ec                TIM1_TRG_COM_TIM11_IRQHandler
                0x080057ec                OTG_HS_IRQHandler
                0x080057ec                DMA2D_IRQHandler
                0x080057ec                EXTI1_IRQHandler
                0x080057ec                UART7_IRQHandler
                0x080057ec                USART2_IRQHandler
                0x080057ec                I2C2_ER_IRQHandler
                0x080057ec                DMA2_Stream1_IRQHandler
                0x080057ec                CAN1_SCE_IRQHandler
                0x080057ec                FLASH_IRQHandler
                0x080057ec                DMA2_Stream4_IRQHandler
                0x080057ec                BusFault_Handler
                0x080057ec                OTG_FS_IRQHandler
                0x080057ec                SPI3_IRQHandler
                0x080057ec                DMA1_Stream4_IRQHandler
                0x080057ec                I2C1_ER_IRQHandler
                0x080057ec                DMA2_Stream6_IRQHandler
                0x080057ec                SAI1_IRQHandler
                0x080057ec                DMA1_Stream3_IRQHandler
 *fill*         0x080057ee        0x2 
 .text.SystemInit
                0x080057f0       0xac build/CORTEX_M4F_STM32F4/startup/system_stm32f4xx.o
                0x080057f0                SystemInit
 .text.SetSysClock
                0x0800589c      0x17c build/CORTEX_M4F_STM32F4/startup/system_stm32f4xx.o
 *(.glue_7)
 .glue_7        0x00000000        0x0 linker stubs
 *(.glue_7t)
 .glue_7t       0x00000000        0x0 linker stubs
 *(.eh_frame)
 .eh_frame      0x08005a18        0x0 /usr/local/csl/arm-2014.05/bin/../lib/gcc/arm-none-eabi/4.8.3/thumb2/crtbegin.o
 *(.init)
 .init          0x08005a18        0x4 /usr/local/csl/arm-2014.05/bin/../lib/gcc/arm-none-eabi/4.8.3/thumb2/crti.o
                0x08005a18                _init
 .init          0x08005a1c        0x8 /usr/local/csl/arm-2014.05/bin/../lib/gcc/arm-none-eabi/4.8.3/thumb2/crtn.o
 *(.fini)
 .fini          0x08005a24        0x4 /usr/local/csl/arm-2014.05/bin/../lib/gcc/arm-none-eabi/4.8.3/thumb2/crti.o
                0x08005a24                _fini
 .fini          0x08005a28        0x8 /usr/local/csl/arm-2014.05/bin/../lib/gcc/arm-none-eabi/4.8.3/thumb2/crtn.o
                0x08005a30                . = ALIGN (0x4)
                0x08005a30                _etext = .

.vfp11_veneer   0x08005a30        0x0
 .vfp11_veneer  0x00000000        0x0 linker stubs

.v4_bx          0x08005a30        0x0
 .v4_bx         0x00000000        0x0 linker stubs

.iplt           0x08005a30        0x0
 .iplt          0x00000000        0x0 /usr/local/csl/arm-2014.05/bin/../lib/gcc/arm-none-eabi/4.8.3/thumb2/crtbegin.o

.rodata         0x08005a30      0x5a0
                0x08005a30                . = ALIGN (0x4)
 *(.rodata)
 .rodata        0x08005a30       0x28 build/src/clib.o
 .rodata        0x08005a58       0x18 build/src/devfs.o
 .rodata        0x08005a70        0x4 build/src/fio.o
 .rodata        0x08005a74       0x64 build/src/main.o
 .rodata        0x08005ad8       0xa0 build/src/mmtest.o
 .rodata        0x08005b78        0x4 build/src/ramfs.o
 .rodata        0x08005b7c      0x394 build/src/shell.o
 .rodata        0x08005f10        0x8 build/freertos/tasks.o
 *(.rodata*)
 .rodata.hcl    0x08005f18       0xb8 build/src/host.o
                0x08005f18                hcl
                0x08005fd0                . = ALIGN (0x4)

.rel.dyn        0x08005fd0        0x0
 .rel.iplt      0x00000000        0x0 /usr/local/csl/arm-2014.05/bin/../lib/gcc/arm-none-eabi/4.8.3/thumb2/crtbegin.o

.ARM.extab
 *(.ARM.extab* .gnu.linkonce.armextab.*)

.ARM            0x08005fd0        0x0
                0x08005fd0                __exidx_start = .
 *(.ARM.exidx*)
                0x08005fd0                __exidx_end = .

.preinit_array  0x08005fd0        0x0
                0x08005fd0                PROVIDE (__preinit_array_start, .)
 *(.preinit_array*)
                0x08005fd0                PROVIDE (__preinit_array_end, .)

.init_array     0x08005fd0        0xc
                0x08005fd0                PROVIDE (__init_array_start, .)
 *(SORT(.init_array.*))
 *(.init_array*)
 .init_array    0x08005fd0        0x4 /usr/local/csl/arm-2014.05/bin/../lib/gcc/arm-none-eabi/4.8.3/thumb2/crtbegin.o
 .init_array    0x08005fd4        0x4 build/src/filesystem.o
 .init_array    0x08005fd8        0x4 build/src/fio.o
                0x08005fdc                PROVIDE (__init_array_end, .)

.fini_array     0x08005fdc        0x4
                0x08005fdc                PROVIDE (__fini_array_start, .)
 *(SORT(.fini_array.*))
 *(.fini_array*)
 .fini_array    0x08005fdc        0x4 /usr/local/csl/arm-2014.05/bin/../lib/gcc/arm-none-eabi/4.8.3/thumb2/crtbegin.o
                0x08005fe0                PROVIDE (__fini_array_end, .)
                0x08005fe0                _sidata = LOADADDR (.data)

.data           0x20000000      0x1b0 load address 0x08005fe0
                0x20000000                . = ALIGN (0x4)
                0x20000000                _sdata = .
 *(.data)
 *(.data*)
 .data.dev_superblock
                0x20000000       0x24 build/src/devfs.o
                0x20000000                dev_superblock
 .data.devfs_stdin_node
                0x20000024       0x38 build/src/devfs.o
                0x20000024                devfs_stdin_node
 .data.devfs_stdout_node
                0x2000005c       0x38 build/src/devfs.o
                0x2000005c                devfs_stdout_node
 .data.devfs_stderr_node
                0x20000094       0x38 build/src/devfs.o
                0x20000094                devfs_stderr_node
 .data.devfs_root_node
                0x200000cc       0x38 build/src/devfs.o
                0x200000cc                devfs_root_node
 .data.devfs_r  0x20000104       0x10 build/src/devfs.o
                0x20000104                devfs_r
 .data.lfsr     0x20000114        0x4 build/src/mmtest.o
 .data.device_count
                0x20000118        0x4 build/src/ramfs.o
 .data.ramfs_r  0x2000011c       0x10 build/src/ramfs.o
 .data.cl       0x2000012c       0x6c build/src/shell.o
                0x2000012c                cl
 .data.xNextTaskUnblockTime
                0x20000198        0x4 build/freertos/tasks.o
 .data.APBAHBPrescTable
                0x2000019c       0x10 build/CORTEX_M4F_STM32F4/Libraries/STM32F4xx_StdPeriph_Driver/src/stm32f4xx_rcc.o
 .data.uxCriticalNesting
                0x200001ac        0x4 build/freertos/portable/GCC/ARM_CM4F/port.o
                0x200001b0                . = ALIGN (0x4)
                0x200001b0                _edata = .
                0x08006190                _siccmram = LOADADDR (.ccmram)

.jcr            0x200001b0        0x0 load address 0x08006190
 .jcr           0x200001b0        0x0 /usr/local/csl/arm-2014.05/bin/../lib/gcc/arm-none-eabi/4.8.3/thumb2/crtbegin.o

.tm_clone_table
                0x200001b0        0x0 load address 0x08006190
 .tm_clone_table
                0x200001b0        0x0 /usr/local/csl/arm-2014.05/bin/../lib/gcc/arm-none-eabi/4.8.3/thumb2/crtbegin.o
 .tm_clone_table
                0x200001b0        0x0 /usr/local/csl/arm-2014.05/bin/../lib/gcc/arm-none-eabi/4.8.3/thumb2/crtend.o

.igot.plt       0x200001b0        0x0 load address 0x08006190
 .igot.plt      0x00000000        0x0 /usr/local/csl/arm-2014.05/bin/../lib/gcc/arm-none-eabi/4.8.3/thumb2/crtbegin.o

.ccmram         0x10000000        0x0 load address 0x08006190
                0x10000000                . = ALIGN (0x4)
                0x10000000                _sccmram = .
 *(.ccmram)
 *(.ccmram*)
                0x10000000                . = ALIGN (0x4)
                0x10000000                _eccmram = .
                0x10000000                . = ALIGN (0x4)

.bss            0x200001b0    0x136f0
                0x200001b0                _sbss = .
                0x200001b0                __bss_start__ = _sbss
 *(.bss)
 .bss           0x200001b0       0x1c /usr/local/csl/arm-2014.05/bin/../lib/gcc/arm-none-eabi/4.8.3/thumb2/crtbegin.o
 *(.bss*)
 .bss.buf.5305  0x200001cc       0x20 build/src/clib.o
 .bss.fss       0x200001ec      0x2c0 build/src/filesystem.o
 .bss.reg_fss   0x200004ac        0x4 build/src/filesystem.o
 .bss.inode_pool
                0x200004b0      0x1c0 build/src/filesystem.o
 .bss.fio_fds   0x20000670      0x280 build/src/fio.o
 .bss.fio_dds   0x200008f0       0x30 build/src/fio.o
 .bss.fio_sem   0x20000920        0x4 build/src/fio.o
 .bss.serial_tx_wait_sem
                0x20000924        0x4 build/src/main.o
                0x20000924                serial_tx_wait_sem
 .bss.serial_rx_queue
                0x20000928        0x4 build/src/main.o
                0x20000928                serial_rx_queue
 .bss.xHigherPriorityTaskWoken.9340
                0x2000092c        0x4 build/src/main.o
 .bss.write_pointer
                0x20000930        0x4 build/src/mmtest.o
                0x20000930                write_pointer
 .bss.read_pointer
                0x20000934        0x4 build/src/mmtest.o
                0x20000934                read_pointer
 .bss.slots     0x20000938     0xea60 build/src/mmtest.o
 .bss.ramfs_sb_list
                0x2000f398        0x4 build/src/ramfs.o
                0x2000f398                ramfs_sb_list
 .bss.pxCurrentTCB
                0x2000f39c        0x4 build/freertos/tasks.o
                0x2000f39c                pxCurrentTCB
 .bss.pxReadyTasksLists
                0x2000f3a0       0x64 build/freertos/tasks.o
 .bss.xDelayedTaskList1
                0x2000f404       0x14 build/freertos/tasks.o
 .bss.xDelayedTaskList2
                0x2000f418       0x14 build/freertos/tasks.o
 .bss.pxDelayedTaskList
                0x2000f42c        0x4 build/freertos/tasks.o
 .bss.pxOverflowDelayedTaskList
                0x2000f430        0x4 build/freertos/tasks.o
 .bss.xPendingReadyList
                0x2000f434       0x14 build/freertos/tasks.o
 .bss.xTasksWaitingTermination
                0x2000f448       0x14 build/freertos/tasks.o
 .bss.uxTasksDeleted
                0x2000f45c        0x4 build/freertos/tasks.o
 .bss.xSuspendedTaskList
                0x2000f460       0x14 build/freertos/tasks.o
 .bss.uxCurrentNumberOfTasks
                0x2000f474        0x4 build/freertos/tasks.o
 .bss.xTickCount
                0x2000f478        0x4 build/freertos/tasks.o
 .bss.uxTopReadyPriority
                0x2000f47c        0x4 build/freertos/tasks.o
 .bss.xSchedulerRunning
                0x2000f480        0x4 build/freertos/tasks.o
 .bss.uxPendedTicks
                0x2000f484        0x4 build/freertos/tasks.o
 .bss.xYieldPending
                0x2000f488        0x4 build/freertos/tasks.o
 .bss.xNumOfOverflows
                0x2000f48c        0x4 build/freertos/tasks.o
 .bss.uxTaskNumber
                0x2000f490        0x4 build/freertos/tasks.o
 .bss.uxSchedulerSuspended
                0x2000f494        0x4 build/freertos/tasks.o
 .bss.ucHeap    0x2000f498     0x4400 build/freertos/portable/MemMang/heap_1.o
 .bss.xNextFreeByte
                0x20013898        0x4 build/freertos/portable/MemMang/heap_1.o
 .bss.pucAlignedHeap.4557
                0x2001389c        0x4 build/freertos/portable/MemMang/heap_1.o
 *(COMMON)
                0x200138a0                . = ALIGN (0x4)
                0x200138a0                _ebss = .
                0x200138a0                __bss_end__ = _ebss

._user_heap_stack
                0x200138a0      0x400
                0x200138a0                . = ALIGN (0x4)
                0x200138a0                PROVIDE (end, .)
                0x200138a0                PROVIDE (_end, .)
                0x200138a0                . = (. + _Min_Heap_Size)
                0x20013ca0                . = (. + _Min_Stack_Size)
 *fill*         0x200138a0      0x400 
                0x20013ca0                . = ALIGN (0x4)

.memory_b1_text
 *(.mb1text)
 *(.mb1text*)
 *(.mb1rodata)
 *(.mb1rodata*)

/DISCARD/
 libc.a(*)
 libm.a(*)
 libgcc.a(*)

.ARM.attributes
                0x00000000       0x33
 *(.ARM.attributes)
 .ARM.attributes
                0x00000000       0x19 /usr/local/csl/arm-2014.05/bin/../lib/gcc/arm-none-eabi/4.8.3/thumb2/crti.o
 .ARM.attributes
                0x00000019       0x29 /usr/local/csl/arm-2014.05/bin/../lib/gcc/arm-none-eabi/4.8.3/thumb2/crtbegin.o
 .ARM.attributes
                0x00000042       0x33 build/src/clib.o
 .ARM.attributes
                0x00000075       0x33 build/src/devfs.o
 .ARM.attributes
                0x000000a8       0x33 build/src/filesystem.o
 .ARM.attributes
                0x000000db       0x33 build/src/fio.o
 .ARM.attributes
                0x0000010e       0x33 build/src/hash-djb2.o
 .ARM.attributes
                0x00000141       0x33 build/src/host.o
 .ARM.attributes
                0x00000174       0x33 build/src/main.o
 .ARM.attributes
                0x000001a7       0x33 build/src/mmtest.o
 .ARM.attributes
                0x000001da       0x33 build/src/osdebug.o
 .ARM.attributes
                0x0000020d       0x33 build/src/ramfs.o
 .ARM.attributes
                0x00000240       0x33 build/src/shell.o
 .ARM.attributes
                0x00000273       0x33 build/src/stm32_f429.o
 .ARM.attributes
                0x000002a6       0x33 build/src/string-util.o
 .ARM.attributes
                0x000002d9       0x33 build/freertos/list.o
 .ARM.attributes
                0x0000030c       0x33 build/freertos/queue.o
 .ARM.attributes
                0x0000033f       0x33 build/freertos/tasks.o
 .ARM.attributes
                0x00000372       0x33 build/CORTEX_M4F_STM32F4/Libraries/STM32F4xx_StdPeriph_Driver/src/misc.o
 .ARM.attributes
                0x000003a5       0x33 build/CORTEX_M4F_STM32F4/Libraries/STM32F4xx_StdPeriph_Driver/src/stm32f4xx_gpio.o
 .ARM.attributes
                0x000003d8       0x33 build/CORTEX_M4F_STM32F4/Libraries/STM32F4xx_StdPeriph_Driver/src/stm32f4xx_rcc.o
 .ARM.attributes
                0x0000040b       0x33 build/CORTEX_M4F_STM32F4/Libraries/STM32F4xx_StdPeriph_Driver/src/stm32f4xx_usart.o
 .ARM.attributes
                0x0000043e       0x33 build/freertos/portable/MemMang/heap_1.o
 .ARM.attributes
                0x00000471       0x33 build/freertos/portable/GCC/ARM_CM4F/port.o
 .ARM.attributes
                0x000004a4       0x20 build/CORTEX_M4F_STM32F4/startup_stm32f429_439xx.o
 .ARM.attributes
                0x000004c4       0x33 build/CORTEX_M4F_STM32F4/startup/system_stm32f4xx.o
 .ARM.attributes
                0x000004f7       0x29 /usr/local/csl/arm-2014.05/bin/../lib/gcc/arm-none-eabi/4.8.3/thumb2/crtend.o
 .ARM.attributes
                0x00000520       0x19 /usr/local/csl/arm-2014.05/bin/../lib/gcc/arm-none-eabi/4.8.3/thumb2/crtn.o
OUTPUT(build/VFS.elf elf32-littlearm)

.debug_info     0x00000000     0x87c7
 .debug_info    0x00000000      0x3a0 build/src/clib.o
 .debug_info    0x000003a0      0x67b build/src/devfs.o
 .debug_info    0x00000a1b      0x682 build/src/filesystem.o
 .debug_info    0x0000109d      0x906 build/src/fio.o
 .debug_info    0x000019a3      0x113 build/src/hash-djb2.o
 .debug_info    0x00001ab6      0x32c build/src/host.o
 .debug_info    0x00001de2      0x39a build/src/main.o
 .debug_info    0x0000217c      0x218 build/src/mmtest.o
 .debug_info    0x00002394       0x61 build/src/osdebug.o
 .debug_info    0x000023f5      0xa85 build/src/ramfs.o
 .debug_info    0x00002e7a      0x5df build/src/shell.o
 .debug_info    0x00003459      0x6fe build/src/stm32_f429.o
 .debug_info    0x00003b57      0x2e9 build/src/string-util.o
 .debug_info    0x00003e40      0x296 build/freertos/list.o
 .debug_info    0x000040d6      0x981 build/freertos/queue.o
 .debug_info    0x00004a57     0x1122 build/freertos/tasks.o
 .debug_info    0x00005b79      0x524 build/CORTEX_M4F_STM32F4/Libraries/STM32F4xx_StdPeriph_Driver/src/misc.o
 .debug_info    0x0000609d      0x5e1 build/CORTEX_M4F_STM32F4/Libraries/STM32F4xx_StdPeriph_Driver/src/stm32f4xx_gpio.o
 .debug_info    0x0000667e      0xded build/CORTEX_M4F_STM32F4/Libraries/STM32F4xx_StdPeriph_Driver/src/stm32f4xx_rcc.o
 .debug_info    0x0000746b      0x99e build/CORTEX_M4F_STM32F4/Libraries/STM32F4xx_StdPeriph_Driver/src/stm32f4xx_usart.o
 .debug_info    0x00007e09      0x16a build/freertos/portable/MemMang/heap_1.o
 .debug_info    0x00007f73      0x244 build/freertos/portable/GCC/ARM_CM4F/port.o
 .debug_info    0x000081b7       0x7b build/CORTEX_M4F_STM32F4/startup_stm32f429_439xx.o
 .debug_info    0x00008232      0x595 build/CORTEX_M4F_STM32F4/startup/system_stm32f4xx.o

.debug_abbrev   0x00000000     0x1e96
 .debug_abbrev  0x00000000      0x110 build/src/clib.o
 .debug_abbrev  0x00000110      0x184 build/src/devfs.o
 .debug_abbrev  0x00000294      0x168 build/src/filesystem.o
 .debug_abbrev  0x000003fc      0x1de build/src/fio.o
 .debug_abbrev  0x000005da       0xa2 build/src/hash-djb2.o
 .debug_abbrev  0x0000067c      0x16b build/src/host.o
 .debug_abbrev  0x000007e7      0x1b2 build/src/main.o
 .debug_abbrev  0x00000999      0x127 build/src/mmtest.o
 .debug_abbrev  0x00000ac0       0x60 build/src/osdebug.o
 .debug_abbrev  0x00000b20      0x1ca build/src/ramfs.o
 .debug_abbrev  0x00000cea      0x18b build/src/shell.o
 .debug_abbrev  0x00000e75      0x12b build/src/stm32_f429.o
 .debug_abbrev  0x00000fa0       0xd1 build/src/string-util.o
 .debug_abbrev  0x00001071       0xc1 build/freertos/list.o
 .debug_abbrev  0x00001132      0x1a5 build/freertos/queue.o
 .debug_abbrev  0x000012d7      0x229 build/freertos/tasks.o
 .debug_abbrev  0x00001500      0x14a build/CORTEX_M4F_STM32F4/Libraries/STM32F4xx_StdPeriph_Driver/src/misc.o
 .debug_abbrev  0x0000164a      0x1a8 build/CORTEX_M4F_STM32F4/Libraries/STM32F4xx_StdPeriph_Driver/src/stm32f4xx_gpio.o
 .debug_abbrev  0x000017f2      0x1bf build/CORTEX_M4F_STM32F4/Libraries/STM32F4xx_StdPeriph_Driver/src/stm32f4xx_rcc.o
 .debug_abbrev  0x000019b1      0x15a build/CORTEX_M4F_STM32F4/Libraries/STM32F4xx_StdPeriph_Driver/src/stm32f4xx_usart.o
 .debug_abbrev  0x00001b0b       0xf1 build/freertos/portable/MemMang/heap_1.o
 .debug_abbrev  0x00001bfc      0x14d build/freertos/portable/GCC/ARM_CM4F/port.o
 .debug_abbrev  0x00001d49       0x12 build/CORTEX_M4F_STM32F4/startup_stm32f429_439xx.o
 .debug_abbrev  0x00001d5b      0x13b build/CORTEX_M4F_STM32F4/startup/system_stm32f4xx.o

.debug_aranges  0x00000000      0xb60
 .debug_aranges
                0x00000000       0x60 build/src/clib.o
 .debug_aranges
                0x00000060       0x60 build/src/devfs.o
 .debug_aranges
                0x000000c0       0x48 build/src/filesystem.o
 .debug_aranges
                0x00000108       0xb0 build/src/fio.o
 .debug_aranges
                0x000001b8       0x20 build/src/hash-djb2.o
 .debug_aranges
                0x000001d8       0x48 build/src/host.o
 .debug_aranges
                0x00000220       0x48 build/src/main.o
 .debug_aranges
                0x00000268       0x40 build/src/mmtest.o
 .debug_aranges
                0x000002a8       0x20 build/src/osdebug.o
 .debug_aranges
                0x000002c8       0x80 build/src/ramfs.o
 .debug_aranges
                0x00000348       0x70 build/src/shell.o
 .debug_aranges
                0x000003b8       0x48 build/src/stm32_f429.o
 .debug_aranges
                0x00000400       0x48 build/src/string-util.o
 .debug_aranges
                0x00000448       0x40 build/freertos/list.o
 .debug_aranges
                0x00000488       0xc8 build/freertos/queue.o
 .debug_aranges
                0x00000550      0x170 build/freertos/tasks.o
 .debug_aranges
                0x000006c0       0x40 build/CORTEX_M4F_STM32F4/Libraries/STM32F4xx_StdPeriph_Driver/src/misc.o
 .debug_aranges
                0x00000700       0x88 build/CORTEX_M4F_STM32F4/Libraries/STM32F4xx_StdPeriph_Driver/src/stm32f4xx_gpio.o
 .debug_aranges
                0x00000788      0x1b8 build/CORTEX_M4F_STM32F4/Libraries/STM32F4xx_StdPeriph_Driver/src/stm32f4xx_rcc.o
 .debug_aranges
                0x00000940      0x100 build/CORTEX_M4F_STM32F4/Libraries/STM32F4xx_StdPeriph_Driver/src/stm32f4xx_usart.o
 .debug_aranges
                0x00000a40       0x38 build/freertos/portable/MemMang/heap_1.o
 .debug_aranges
                0x00000a78       0x90 build/freertos/portable/GCC/ARM_CM4F/port.o
 .debug_aranges
                0x00000b08       0x28 build/CORTEX_M4F_STM32F4/startup_stm32f429_439xx.o
 .debug_aranges
                0x00000b30       0x30 build/CORTEX_M4F_STM32F4/startup/system_stm32f4xx.o

.debug_ranges   0x00000000      0xa00
 .debug_ranges  0x00000000       0x50 build/src/clib.o
 .debug_ranges  0x00000050       0x50 build/src/devfs.o
 .debug_ranges  0x000000a0       0x38 build/src/filesystem.o
 .debug_ranges  0x000000d8       0xa0 build/src/fio.o
 .debug_ranges  0x00000178       0x10 build/src/hash-djb2.o
 .debug_ranges  0x00000188       0x38 build/src/host.o
 .debug_ranges  0x000001c0       0x50 build/src/main.o
 .debug_ranges  0x00000210       0x30 build/src/mmtest.o
 .debug_ranges  0x00000240       0x10 build/src/osdebug.o
 .debug_ranges  0x00000250       0x70 build/src/ramfs.o
 .debug_ranges  0x000002c0       0x60 build/src/shell.o
 .debug_ranges  0x00000320       0x38 build/src/stm32_f429.o
 .debug_ranges  0x00000358       0x38 build/src/string-util.o
 .debug_ranges  0x00000390       0x30 build/freertos/list.o
 .debug_ranges  0x000003c0       0xb8 build/freertos/queue.o
 .debug_ranges  0x00000478      0x160 build/freertos/tasks.o
 .debug_ranges  0x000005d8       0x30 build/CORTEX_M4F_STM32F4/Libraries/STM32F4xx_StdPeriph_Driver/src/misc.o
 .debug_ranges  0x00000608       0x78 build/CORTEX_M4F_STM32F4/Libraries/STM32F4xx_StdPeriph_Driver/src/stm32f4xx_gpio.o
 .debug_ranges  0x00000680      0x1a8 build/CORTEX_M4F_STM32F4/Libraries/STM32F4xx_StdPeriph_Driver/src/stm32f4xx_rcc.o
 .debug_ranges  0x00000828       0xf0 build/CORTEX_M4F_STM32F4/Libraries/STM32F4xx_StdPeriph_Driver/src/stm32f4xx_usart.o
 .debug_ranges  0x00000918       0x28 build/freertos/portable/MemMang/heap_1.o
 .debug_ranges  0x00000940       0x80 build/freertos/portable/GCC/ARM_CM4F/port.o
 .debug_ranges  0x000009c0       0x20 build/CORTEX_M4F_STM32F4/startup_stm32f429_439xx.o
 .debug_ranges  0x000009e0       0x20 build/CORTEX_M4F_STM32F4/startup/system_stm32f4xx.o

.debug_macro    0x00000000    0x13e58
 .debug_macro   0x00000000      0x1c2 build/src/clib.o
 .debug_macro   0x000001c2      0x88c build/src/clib.o
 .debug_macro   0x00000a4e      0x166 build/src/clib.o
 .debug_macro   0x00000bb4       0x52 build/src/clib.o
 .debug_macro   0x00000c06       0x16 build/src/clib.o
 .debug_macro   0x00000c1c       0x35 build/src/clib.o
 .debug_macro   0x00000c51       0xa3 build/src/clib.o
 .debug_macro   0x00000cf4      0x20e build/src/clib.o
 .debug_macro   0x00000f02       0x40 build/src/clib.o
 .debug_macro   0x00000f42       0xb2 build/src/clib.o
 .debug_macro   0x00000ff4       0xaf build/src/clib.o
 .debug_macro   0x000010a3       0x12 build/src/clib.o
 .debug_macro   0x000010b5       0x1f build/src/clib.o
 .debug_macro   0x000010d4      0x3a0 build/src/clib.o
 .debug_macro   0x00001474       0x16 build/src/clib.o
 .debug_macro   0x0000148a       0x35 build/src/clib.o
 .debug_macro   0x000014bf       0x10 build/src/clib.o
 .debug_macro   0x000014cf       0x3a build/src/clib.o
 .debug_macro   0x00001509       0x52 build/src/clib.o
 .debug_macro   0x0000155b       0x16 build/src/clib.o
 .debug_macro   0x00001571       0x43 build/src/clib.o
 .debug_macro   0x000015b4      0x19c build/src/clib.o
 .debug_macro   0x00001750       0x10 build/src/clib.o
 .debug_macro   0x00001760       0x22 build/src/clib.o
 .debug_macro   0x00001782       0xbd build/src/clib.o
 .debug_macro   0x0000183f       0x16 build/src/clib.o
 .debug_macro   0x00001855      0x139 build/src/clib.o
 .debug_macro   0x0000198e       0x16 build/src/clib.o
 .debug_macro   0x000019a4      0x495 build/src/clib.o
 .debug_macro   0x00001e39       0xb0 build/src/clib.o
 .debug_macro   0x00001ee9       0x7e build/src/clib.o
 .debug_macro   0x00001f67       0x10 build/src/clib.o
 .debug_macro   0x00001f77       0x10 build/src/clib.o
 .debug_macro   0x00001f87       0x52 build/src/clib.o
 .debug_macro   0x00001fd9      0x1eb build/src/devfs.o
 .debug_macro   0x000021c4       0x19 build/src/devfs.o
 .debug_macro   0x000021dd      0x214 build/src/devfs.o
 .debug_macro   0x000023f1      0x29f build/src/devfs.o
 .debug_macro   0x00002690       0x10 build/src/devfs.o
 .debug_macro   0x000026a0       0x10 build/src/devfs.o
 .debug_macro   0x000026b0       0x1c build/src/devfs.o
 .debug_macro   0x000026cc      0x124 build/src/devfs.o
 .debug_macro   0x000027f0       0x1c build/src/devfs.o
 .debug_macro   0x0000280c       0x10 build/src/devfs.o
 .debug_macro   0x0000281c      0x201 build/src/filesystem.o
 .debug_macro   0x00002a1d      0x1a2 build/src/filesystem.o
 .debug_macro   0x00002bbf      0x1eb build/src/fio.o
 .debug_macro   0x00002daa       0x16 build/src/fio.o
 .debug_macro   0x00002dc0       0x16 build/src/fio.o
 .debug_macro   0x00002dd6       0xf9 build/src/hash-djb2.o
 .debug_macro   0x00002ecf       0xf3 build/src/host.o
 .debug_macro   0x00002fc2       0x58 build/src/host.o
 .debug_macro   0x0000301a      0x3a2 build/src/main.o
 .debug_macro   0x000033bc       0x64 build/src/main.o
 .debug_macro   0x00003420       0x3b build/src/main.o
 .debug_macro   0x0000345b       0x2d build/src/main.o
 .debug_macro   0x00003488       0x42 build/src/main.o
 .debug_macro   0x000034ca      0xd39 build/src/main.o
 .debug_macro   0x00004203     0x901e build/src/main.o
 .debug_macro   0x0000d221       0x16 build/src/main.o
 .debug_macro   0x0000d237      0x44f build/src/main.o
 .debug_macro   0x0000d686      0x3cf build/src/main.o
 .debug_macro   0x0000da55      0x144 build/src/main.o
 .debug_macro   0x0000db99      0x188 build/src/main.o
 .debug_macro   0x0000dd21       0xb2 build/src/main.o
 .debug_macro   0x0000ddd3      0x149 build/src/main.o
 .debug_macro   0x0000df1c      0x477 build/src/main.o
 .debug_macro   0x0000e393       0xae build/src/main.o
 .debug_macro   0x0000e441      0x41c build/src/main.o
 .debug_macro   0x0000e85d      0x23a build/src/main.o
 .debug_macro   0x0000ea97      0x21e build/src/main.o
 .debug_macro   0x0000ecb5      0x478 build/src/main.o
 .debug_macro   0x0000f12d       0xc3 build/src/main.o
 .debug_macro   0x0000f1f0      0x2bc build/src/main.o
 .debug_macro   0x0000f4ac      0x2bb build/src/main.o
 .debug_macro   0x0000f767       0x64 build/src/main.o
 .debug_macro   0x0000f7cb       0xe7 build/src/main.o
 .debug_macro   0x0000f8b2      0x62f build/src/main.o
 .debug_macro   0x0000fee1       0x40 build/src/main.o
 .debug_macro   0x0000ff21      0x57b build/src/main.o
 .debug_macro   0x0001049c      0x342 build/src/main.o
 .debug_macro   0x000107de      0x36c build/src/main.o
 .debug_macro   0x00010b4a       0xf7 build/src/main.o
 .debug_macro   0x00010c41      0x73b build/src/main.o
 .debug_macro   0x0001137c      0x223 build/src/main.o
 .debug_macro   0x0001159f       0x34 build/src/main.o
 .debug_macro   0x000115d3       0x82 build/src/main.o
 .debug_macro   0x00011655       0x35 build/src/main.o
 .debug_macro   0x0001168a       0x79 build/src/main.o
 .debug_macro   0x00011703       0x69 build/src/main.o
 .debug_macro   0x0001176c       0x1c build/src/main.o
 .debug_macro   0x00011788      0x1bf build/src/mmtest.o
 .debug_macro   0x00011947       0x11 build/src/osdebug.o
 .debug_macro   0x00011958      0x1f5 build/src/ramfs.o
 .debug_macro   0x00011b4d      0x219 build/src/shell.o
 .debug_macro   0x00011d66      0x1d2 build/src/stm32_f429.o
 .debug_macro   0x00011f38       0xc2 build/src/string-util.o
 .debug_macro   0x00011ffa       0x25 build/src/string-util.o
 .debug_macro   0x0001201f       0xee build/src/string-util.o
 .debug_macro   0x0001210d      0x12c build/freertos/list.o
 .debug_macro   0x00012239      0x1b7 build/freertos/queue.o
 .debug_macro   0x000123f0      0x1fa build/freertos/tasks.o
 .debug_macro   0x000125ea       0x16 build/freertos/tasks.o
 .debug_macro   0x00012600      0x1d8 build/CORTEX_M4F_STM32F4/Libraries/STM32F4xx_StdPeriph_Driver/src/misc.o
 .debug_macro   0x000127d8       0x7c build/CORTEX_M4F_STM32F4/Libraries/STM32F4xx_StdPeriph_Driver/src/misc.o
 .debug_macro   0x00012854      0x1d2 build/CORTEX_M4F_STM32F4/Libraries/STM32F4xx_StdPeriph_Driver/src/stm32f4xx_gpio.o
 .debug_macro   0x00012a26      0x2b6 build/CORTEX_M4F_STM32F4/Libraries/STM32F4xx_StdPeriph_Driver/src/stm32f4xx_gpio.o
 .debug_macro   0x00012cdc      0x29c build/CORTEX_M4F_STM32F4/Libraries/STM32F4xx_StdPeriph_Driver/src/stm32f4xx_rcc.o
 .debug_macro   0x00012f78      0x629 build/CORTEX_M4F_STM32F4/Libraries/STM32F4xx_StdPeriph_Driver/src/stm32f4xx_rcc.o
 .debug_macro   0x000135a1      0x1ea build/CORTEX_M4F_STM32F4/Libraries/STM32F4xx_StdPeriph_Driver/src/stm32f4xx_usart.o
 .debug_macro   0x0001378b      0x21d build/CORTEX_M4F_STM32F4/Libraries/STM32F4xx_StdPeriph_Driver/src/stm32f4xx_usart.o
 .debug_macro   0x000139a8      0x14d build/freertos/portable/MemMang/heap_1.o
 .debug_macro   0x00013af5      0x178 build/freertos/portable/GCC/ARM_CM4F/port.o
 .debug_macro   0x00013c6d      0x1eb build/CORTEX_M4F_STM32F4/startup/system_stm32f4xx.o

.debug_line     0x00000000     0x71d9
 .debug_line    0x00000000      0x4ae build/src/clib.o
 .debug_line    0x000004ae      0x450 build/src/devfs.o
 .debug_line    0x000008fe      0x47e build/src/filesystem.o
 .debug_line    0x00000d7c      0x5e3 build/src/fio.o
 .debug_line    0x0000135f      0x216 build/src/hash-djb2.o
 .debug_line    0x00001575      0x2b1 build/src/host.o
 .debug_line    0x00001826      0x79a build/src/main.o
 .debug_line    0x00001fc0      0x380 build/src/mmtest.o
 .debug_line    0x00002340       0x3c build/src/osdebug.o
 .debug_line    0x0000237c      0x59e build/src/ramfs.o
 .debug_line    0x0000291a      0x512 build/src/shell.o
 .debug_line    0x00002e2c      0x552 build/src/stm32_f429.o
 .debug_line    0x0000337e      0x2c4 build/src/string-util.o
 .debug_line    0x00003642      0x2ed build/freertos/list.o
 .debug_line    0x0000392f      0x5ef build/freertos/queue.o
 .debug_line    0x00003f1e      0xa20 build/freertos/tasks.o
 .debug_line    0x0000493e      0x558 build/CORTEX_M4F_STM32F4/Libraries/STM32F4xx_StdPeriph_Driver/src/misc.o
 .debug_line    0x00004e96      0x64e build/CORTEX_M4F_STM32F4/Libraries/STM32F4xx_StdPeriph_Driver/src/stm32f4xx_gpio.o
 .debug_line    0x000054e4      0x94d build/CORTEX_M4F_STM32F4/Libraries/STM32F4xx_StdPeriph_Driver/src/stm32f4xx_rcc.o
 .debug_line    0x00005e31      0x79e build/CORTEX_M4F_STM32F4/Libraries/STM32F4xx_StdPeriph_Driver/src/stm32f4xx_usart.o
 .debug_line    0x000065cf      0x2e3 build/freertos/portable/MemMang/heap_1.o
 .debug_line    0x000068b2      0x346 build/freertos/portable/GCC/ARM_CM4F/port.o
 .debug_line    0x00006bf8       0x88 build/CORTEX_M4F_STM32F4/startup_stm32f429_439xx.o
 .debug_line    0x00006c80      0x559 build/CORTEX_M4F_STM32F4/startup/system_stm32f4xx.o

.debug_str      0x00000000    0x6ef3f
 .debug_str     0x00000000     0x90e0 build/src/clib.o
                               0x9303 (size before relaxing)
 .debug_str     0x000090e0     0x119b build/src/devfs.o
                               0xa37c (size before relaxing)
 .debug_str     0x0000a27b       0xaf build/src/filesystem.o
                               0xa2a8 (size before relaxing)
 .debug_str     0x0000a32a      0x155 build/src/fio.o
                               0xa308 (size before relaxing)
 .debug_str     0x0000a47f       0x1f build/src/hash-djb2.o
                               0x4a4c (size before relaxing)
 .debug_str     0x0000a49e      0x1cb build/src/host.o
                               0x5c1b (size before relaxing)
 .debug_str     0x0000a669    0x5fdcb build/src/main.o
                              0x6a047 (size before relaxing)
 .debug_str     0x0006a434       0x7b build/src/mmtest.o
                               0x91bb (size before relaxing)
 .debug_str     0x0006a4af        0xe build/src/osdebug.o
                               0x250b (size before relaxing)
 .debug_str     0x0006a4bd      0x1cd build/src/ramfs.o
                               0xa438 (size before relaxing)
 .debug_str     0x0006a68a      0x13a build/src/shell.o
                               0xad4d (size before relaxing)
 .debug_str     0x0006a7c4      0x839 build/src/stm32_f429.o
                              0x62e8d (size before relaxing)
 .debug_str     0x0006affd      0x3bd build/src/string-util.o
                               0x390e (size before relaxing)
 .debug_str     0x0006b3ba      0x1a5 build/freertos/list.o
                               0x6f36 (size before relaxing)
 .debug_str     0x0006b55f      0x609 build/freertos/queue.o
                               0x91b6 (size before relaxing)
 .debug_str     0x0006bb68     0x15cb build/freertos/tasks.o
                               0x983a (size before relaxing)
 .debug_str     0x0006d133      0x1eb build/CORTEX_M4F_STM32F4/Libraries/STM32F4xx_StdPeriph_Driver/src/misc.o
                              0x6282d (size before relaxing)
 .debug_str     0x0006d31e      0x1b0 build/CORTEX_M4F_STM32F4/Libraries/STM32F4xx_StdPeriph_Driver/src/stm32f4xx_gpio.o
                              0x628ca (size before relaxing)
 .debug_str     0x0006d4ce      0xd4d build/CORTEX_M4F_STM32F4/Libraries/STM32F4xx_StdPeriph_Driver/src/stm32f4xx_rcc.o
                              0x6338e (size before relaxing)
 .debug_str     0x0006e21b      0x4d8 build/CORTEX_M4F_STM32F4/Libraries/STM32F4xx_StdPeriph_Driver/src/stm32f4xx_usart.o
                              0x62bdd (size before relaxing)
 .debug_str     0x0006e6f3       0xe6 build/freertos/portable/MemMang/heap_1.o
                               0x72ce (size before relaxing)
 .debug_str     0x0006e7d9      0x67b build/freertos/portable/GCC/ARM_CM4F/port.o
                               0x6304 (size before relaxing)
 .debug_str     0x0006ee54       0xeb build/CORTEX_M4F_STM32F4/startup/system_stm32f4xx.o
                              0x6280b (size before relaxing)

.comment        0x00000000       0x46
 .comment       0x00000000       0x46 build/src/clib.o
                                 0x47 (size before relaxing)
 .comment       0x00000000       0x47 build/src/devfs.o
 .comment       0x00000000       0x47 build/src/filesystem.o
 .comment       0x00000000       0x47 build/src/fio.o
 .comment       0x00000000       0x47 build/src/hash-djb2.o
 .comment       0x00000000       0x47 build/src/host.o
 .comment       0x00000000       0x47 build/src/main.o
 .comment       0x00000000       0x47 build/src/mmtest.o
 .comment       0x00000000       0x47 build/src/osdebug.o
 .comment       0x00000000       0x47 build/src/ramfs.o
 .comment       0x00000000       0x47 build/src/shell.o
 .comment       0x00000000       0x47 build/src/stm32_f429.o
 .comment       0x00000000       0x47 build/src/string-util.o
 .comment       0x00000000       0x47 build/freertos/list.o
 .comment       0x00000000       0x47 build/freertos/queue.o
 .comment       0x00000000       0x47 build/freertos/tasks.o
 .comment       0x00000000       0x47 build/CORTEX_M4F_STM32F4/Libraries/STM32F4xx_StdPeriph_Driver/src/misc.o
 .comment       0x00000000       0x47 build/CORTEX_M4F_STM32F4/Libraries/STM32F4xx_StdPeriph_Driver/src/stm32f4xx_gpio.o
 .comment       0x00000000       0x47 build/CORTEX_M4F_STM32F4/Libraries/STM32F4xx_StdPeriph_Driver/src/stm32f4xx_rcc.o
 .comment       0x00000000       0x47 build/CORTEX_M4F_STM32F4/Libraries/STM32F4xx_StdPeriph_Driver/src/stm32f4xx_usart.o
 .comment       0x00000000       0x47 build/freertos/portable/MemMang/heap_1.o
 .comment       0x00000000       0x47 build/freertos/portable/GCC/ARM_CM4F/port.o
 .comment       0x00000000       0x47 build/CORTEX_M4F_STM32F4/startup/system_stm32f4xx.o

.debug_frame    0x00000000     0x227c
 .debug_frame   0x00000000      0x130 build/src/clib.o
 .debug_frame   0x00000130      0x110 build/src/devfs.o
 .debug_frame   0x00000240       0xc4 build/src/filesystem.o
 .debug_frame   0x00000304      0x268 build/src/fio.o
 .debug_frame   0x0000056c       0x2c build/src/hash-djb2.o
 .debug_frame   0x00000598       0xc8 build/src/host.o
 .debug_frame   0x00000660       0xcc build/src/main.o
 .debug_frame   0x0000072c       0x94 build/src/mmtest.o
 .debug_frame   0x000007c0       0x34 build/src/osdebug.o
 .debug_frame   0x000007f4      0x1a8 build/src/ramfs.o
 .debug_frame   0x0000099c      0x16c build/src/shell.o
 .debug_frame   0x00000b08       0xc4 build/src/stm32_f429.o
 .debug_frame   0x00000bcc       0xb8 build/src/string-util.o
 .debug_frame   0x00000c84       0x9c build/freertos/list.o
 .debug_frame   0x00000d20      0x2b8 build/freertos/queue.o
 .debug_frame   0x00000fd8      0x530 build/freertos/tasks.o
 .debug_frame   0x00001508       0x9c build/CORTEX_M4F_STM32F4/Libraries/STM32F4xx_StdPeriph_Driver/src/misc.o
 .debug_frame   0x000015a4      0x19c build/CORTEX_M4F_STM32F4/Libraries/STM32F4xx_StdPeriph_Driver/src/stm32f4xx_gpio.o
 .debug_frame   0x00001740      0x5b8 build/CORTEX_M4F_STM32F4/Libraries/STM32F4xx_StdPeriph_Driver/src/stm32f4xx_rcc.o
 .debug_frame   0x00001cf8      0x344 build/CORTEX_M4F_STM32F4/Libraries/STM32F4xx_StdPeriph_Driver/src/stm32f4xx_usart.o
 .debug_frame   0x0000203c       0x7c build/freertos/portable/MemMang/heap_1.o
 .debug_frame   0x000020b8      0x160 build/freertos/portable/GCC/ARM_CM4F/port.o
 .debug_frame   0x00002218       0x64 build/CORTEX_M4F_STM32F4/startup/system_stm32f4xx.o
