Archive member included to satisfy reference by file (symbol)

/usr/local/csl/arm-2014.05/bin/../lib/gcc/arm-none-eabi/4.8.3/../../../../arm-none-eabi/lib/thumb2/libc.a(lib_a-memcpy-stub.o)
                              build/freertos/queue.o (memcpy)
/usr/local/csl/arm-2014.05/bin/../lib/gcc/arm-none-eabi/4.8.3/../../../../arm-none-eabi/lib/thumb2/libc.a(lib_a-memset.o)
                              build/freertos/tasks.o (memset)

Discarded input sections

 .text          0x00000000        0x0 /usr/local/csl/arm-2014.05/bin/../lib/gcc/arm-none-eabi/4.8.3/thumb2/crti.o
 .data          0x00000000        0x0 /usr/local/csl/arm-2014.05/bin/../lib/gcc/arm-none-eabi/4.8.3/thumb2/crti.o
 .bss           0x00000000        0x0 /usr/local/csl/arm-2014.05/bin/../lib/gcc/arm-none-eabi/4.8.3/thumb2/crti.o
 .data          0x00000000        0x4 /usr/local/csl/arm-2014.05/bin/../lib/gcc/arm-none-eabi/4.8.3/thumb2/crtbegin.o
 .group         0x00000000        0x8 build/src/draw_graph.o
 .group         0x00000000        0x8 build/src/draw_graph.o
 .group         0x00000000        0x8 build/src/draw_graph.o
 .group         0x00000000        0x8 build/src/draw_graph.o
 .group         0x00000000        0x8 build/src/draw_graph.o
 .group         0x00000000        0x8 build/src/draw_graph.o
 .group         0x00000000        0x8 build/src/draw_graph.o
 .group         0x00000000        0x8 build/src/draw_graph.o
 .group         0x00000000        0x8 build/src/draw_graph.o
 .group         0x00000000        0x8 build/src/draw_graph.o
 .group         0x00000000        0x8 build/src/draw_graph.o
 .group         0x00000000        0x8 build/src/draw_graph.o
 .group         0x00000000        0x8 build/src/draw_graph.o
 .group         0x00000000        0x8 build/src/draw_graph.o
 .group         0x00000000        0x8 build/src/draw_graph.o
 .group         0x00000000        0x8 build/src/draw_graph.o
 .group         0x00000000        0x8 build/src/draw_graph.o
 .group         0x00000000        0x8 build/src/draw_graph.o
 .group         0x00000000        0x8 build/src/draw_graph.o
 .group         0x00000000        0x8 build/src/draw_graph.o
 .group         0x00000000        0x8 build/src/draw_graph.o
 .group         0x00000000        0x8 build/src/draw_graph.o
 .group         0x00000000        0x8 build/src/draw_graph.o
 .group         0x00000000        0x8 build/src/draw_graph.o
 .group         0x00000000        0x8 build/src/draw_graph.o
 .group         0x00000000        0x8 build/src/draw_graph.o
 .group         0x00000000        0x8 build/src/draw_graph.o
 .group         0x00000000        0x8 build/src/draw_graph.o
 .group         0x00000000        0x8 build/src/draw_graph.o
 .group         0x00000000        0x8 build/src/draw_graph.o
 .group         0x00000000        0x8 build/src/draw_graph.o
 .group         0x00000000        0x8 build/src/draw_graph.o
 .group         0x00000000        0x8 build/src/draw_graph.o
 .group         0x00000000        0x8 build/src/draw_graph.o
 .group         0x00000000        0x8 build/src/draw_graph.o
 .group         0x00000000        0x8 build/src/draw_graph.o
 .group         0x00000000        0x8 build/src/draw_graph.o
 .group         0x00000000        0x8 build/src/draw_graph.o
 .group         0x00000000        0x8 build/src/draw_graph.o
 .group         0x00000000        0x8 build/src/draw_graph.o
 .group         0x00000000        0x8 build/src/draw_graph.o
 .group         0x00000000        0x8 build/src/draw_graph.o
 .group         0x00000000        0x8 build/src/draw_graph.o
 .group         0x00000000        0x8 build/src/draw_graph.o
 .group         0x00000000        0x8 build/src/draw_graph.o
 .group         0x00000000        0x8 build/src/draw_graph.o
 .group         0x00000000        0x8 build/src/draw_graph.o
 .group         0x00000000        0x8 build/src/draw_graph.o
 .group         0x00000000        0x8 build/src/draw_graph.o
 .group         0x00000000        0x8 build/src/draw_graph.o
 .group         0x00000000        0x8 build/src/draw_graph.o
 .group         0x00000000        0x8 build/src/draw_graph.o
 .group         0x00000000        0x8 build/src/draw_graph.o
 .group         0x00000000        0x8 build/src/draw_graph.o
 .group         0x00000000        0x8 build/src/draw_graph.o
 .group         0x00000000        0x8 build/src/draw_graph.o
 .group         0x00000000        0x8 build/src/draw_graph.o
 .group         0x00000000        0x8 build/src/draw_graph.o
 .group         0x00000000        0x8 build/src/draw_graph.o
 .group         0x00000000        0x8 build/src/draw_graph.o
 .group         0x00000000        0x8 build/src/draw_graph.o
 .group         0x00000000        0x8 build/src/draw_graph.o
 .group         0x00000000        0x8 build/src/draw_graph.o
 .group         0x00000000        0x8 build/src/draw_graph.o
 .group         0x00000000        0x8 build/src/draw_graph.o
 .group         0x00000000        0x8 build/src/draw_graph.o
[...]
Memory Configuration

Name             Origin             Length             Attributes
FLASH            0x08000000         0x00200000         xr
RAM              0x20000000         0x00030000         xrw
MEMORY_B1        0x60000000         0x00000000         xr
CCMRAM           0x10000000         0x00010000         rw
*default*        0x00000000         0xffffffff

Linker script and memory map

LOAD /usr/local/csl/arm-2014.05/bin/../lib/gcc/arm-none-eabi/4.8.3/thumb2/crti.o
LOAD /usr/local/csl/arm-2014.05/bin/../lib/gcc/arm-none-eabi/4.8.3/thumb2/crtbegin.o
LOAD build/src/draw_graph.o
LOAD build/src/main.o
LOAD build/src/move_car.o
LOAD build/freertos/croutine.o
LOAD build/freertos/event_groups.o
LOAD build/freertos/list.o
LOAD build/freertos/queue.o
LOAD build/freertos/tasks.o
LOAD build/freertos/timers.o
LOAD build/CORTEX_M4F_STM32F4/Libraries/STM32F4xx_StdPeriph_Driver/src/misc.o
LOAD build/CORTEX_M4F_STM32F4/Libraries/STM32F4xx_StdPeriph_Driver/src/stm32f4xx_adc.o
LOAD build/CORTEX_M4F_STM32F4/Libraries/STM32F4xx_StdPeriph_Driver/src/stm32f4xx_can.o
LOAD build/CORTEX_M4F_STM32F4/Libraries/STM32F4xx_StdPeriph_Driver/src/stm32f4xx_crc.o
LOAD build/CORTEX_M4F_STM32F4/Libraries/STM32F4xx_StdPeriph_Driver/src/stm32f4xx_cryp_aes.o
LOAD build/CORTEX_M4F_STM32F4/Libraries/STM32F4xx_StdPeriph_Driver/src/stm32f4xx_cryp.o
LOAD build/CORTEX_M4F_STM32F4/Libraries/STM32F4xx_StdPeriph_Driver/src/stm32f4xx_cryp_des.o
LOAD build/CORTEX_M4F_STM32F4/Libraries/STM32F4xx_StdPeriph_Driver/src/stm32f4xx_cryp_tdes.o
LOAD build/CORTEX_M4F_STM32F4/Libraries/STM32F4xx_StdPeriph_Driver/src/stm32f4xx_dac.o
LOAD build/CORTEX_M4F_STM32F4/Libraries/STM32F4xx_StdPeriph_Driver/src/stm32f4xx_dbgmcu.o
LOAD build/CORTEX_M4F_STM32F4/Libraries/STM32F4xx_StdPeriph_Driver/src/stm32f4xx_dcmi.o
LOAD build/CORTEX_M4F_STM32F4/Libraries/STM32F4xx_StdPeriph_Driver/src/stm32f4xx_dma2d.o
LOAD build/CORTEX_M4F_STM32F4/Libraries/STM32F4xx_StdPeriph_Driver/src/stm32f4xx_dma.o
LOAD build/CORTEX_M4F_STM32F4/Libraries/STM32F4xx_StdPeriph_Driver/src/stm32f4xx_exti.o
LOAD build/CORTEX_M4F_STM32F4/Libraries/STM32F4xx_StdPeriph_Driver/src/stm32f4xx_flash.o
LOAD build/CORTEX_M4F_STM32F4/Libraries/STM32F4xx_StdPeriph_Driver/src/stm32f4xx_fmc.o
LOAD build/CORTEX_M4F_STM32F4/Libraries/STM32F4xx_StdPeriph_Driver/src/stm32f4xx_gpio.o
LOAD build/CORTEX_M4F_STM32F4/Libraries/STM32F4xx_StdPeriph_Driver/src/stm32f4xx_hash.o
LOAD build/CORTEX_M4F_STM32F4/Libraries/STM32F4xx_StdPeriph_Driver/src/stm32f4xx_hash_md5.o
LOAD build/CORTEX_M4F_STM32F4/Libraries/STM32F4xx_StdPeriph_Driver/src/stm32f4xx_hash_sha1.o
LOAD build/CORTEX_M4F_STM32F4/Libraries/STM32F4xx_StdPeriph_Driver/src/stm32f4xx_i2c.o
LOAD build/CORTEX_M4F_STM32F4/Libraries/STM32F4xx_StdPeriph_Driver/src/stm32f4xx_iwdg.o
LOAD build/CORTEX_M4F_STM32F4/Libraries/STM32F4xx_StdPeriph_Driver/src/stm32f4xx_ltdc.o
LOAD build/CORTEX_M4F_STM32F4/Libraries/STM32F4xx_StdPeriph_Driver/src/stm32f4xx_pwr.o
LOAD build/CORTEX_M4F_STM32F4/Libraries/STM32F4xx_StdPeriph_Driver/src/stm32f4xx_rcc.o
LOAD build/CORTEX_M4F_STM32F4/Libraries/STM32F4xx_StdPeriph_Driver/src/stm32f4xx_rng.o
LOAD build/CORTEX_M4F_STM32F4/Libraries/STM32F4xx_StdPeriph_Driver/src/stm32f4xx_rtc.o
LOAD build/CORTEX_M4F_STM32F4/Libraries/STM32F4xx_StdPeriph_Driver/src/stm32f4xx_sai.o
LOAD build/CORTEX_M4F_STM32F4/Libraries/STM32F4xx_StdPeriph_Driver/src/stm32f4xx_sdio.o
LOAD build/CORTEX_M4F_STM32F4/Libraries/STM32F4xx_StdPeriph_Driver/src/stm32f4xx_spi.o
LOAD build/CORTEX_M4F_STM32F4/Libraries/STM32F4xx_StdPeriph_Driver/src/stm32f4xx_syscfg.o
LOAD build/CORTEX_M4F_STM32F4/Libraries/STM32F4xx_StdPeriph_Driver/src/stm32f4xx_tim.o
LOAD build/CORTEX_M4F_STM32F4/Libraries/STM32F4xx_StdPeriph_Driver/src/stm32f4xx_usart.o
LOAD build/CORTEX_M4F_STM32F4/Libraries/STM32F4xx_StdPeriph_Driver/src/stm32f4xx_wwdg.o
LOAD build/Utilities/STM32F429I-Discovery/stm32f429i_discovery.o
LOAD build/Utilities/STM32F429I-Discovery/stm32f429i_discovery_ioe.o
LOAD build/Utilities/STM32F429I-Discovery/stm32f429i_discovery_l3gd20.o
LOAD build/Utilities/STM32F429I-Discovery/stm32f429i_discovery_lcd.o
LOAD build/Utilities/STM32F429I-Discovery/stm32f429i_discovery_sdram.o
LOAD build/freertos/portable/MemMang/heap_1.o
LOAD build/freertos/portable/GCC/ARM_CM4F/port.o
LOAD build/CORTEX_M4F_STM32F4/startup_stm32f429_439xx.o
LOAD build/CORTEX_M4F_STM32F4/startup/system_stm32f4xx.o
START GROUP
LOAD /usr/local/csl/arm-2014.05/bin/../lib/gcc/arm-none-eabi/4.8.3/thumb2/libgcc.a
LOAD /usr/local/csl/arm-2014.05/bin/../lib/gcc/arm-none-eabi/4.8.3/../../../../arm-none-eabi/lib/thumb2/libc.a
END GROUP
LOAD /usr/local/csl/arm-2014.05/bin/../lib/gcc/arm-none-eabi/4.8.3/thumb2/crtend.o
LOAD /usr/local/csl/arm-2014.05/bin/../lib/gcc/arm-none-eabi/4.8.3/thumb2/crtn.o
                0x20030000                _estack = 0x20030000
                0x00000000                _Min_Heap_Size = 0x0
                0x00000400                _Min_Stack_Size = 0x400

.isr_vector     0x08000000      0x1ac
                0x08000000                . = ALIGN (0x4)
 *(.isr_vector)
 .isr_vector    0x08000000      0x1ac build/CORTEX_M4F_STM32F4/startup_stm32f429_439xx.o
                0x08000000                g_pfnVectors
                0x080001ac                . = ALIGN (0x4)

.text           0x080001ac     0x68e4
                0x080001ac                . = ALIGN (0x4)
 *(.text)
 .text          0x080001ac       0xc8 /usr/local/csl/arm-2014.05/bin/../lib/gcc/arm-none-eabi/4.8.3/thumb2/crtbegin.o
 .text          0x08000274       0xa8 /usr/local/csl/arm-2014.05/bin/../lib/gcc/arm-none-eabi/4.8.3/../../../../arm-none-eabi/lib/thumb2/libc.a(lib_a-memcpy-stub.o)
                0x08000274                memcpy
 .text          0x0800031c       0xa0 /usr/local/csl/arm-2014.05/bin/../lib/gcc/arm-none-eabi/4.8.3/../../../../arm-none-eabi/lib/thumb2/libc.a(lib_a-memset.o)
                0x0800031c                memset
 *(.text*)
 .text.DrawEachTrafficLight
                0x080003bc       0x6c build/src/draw_graph.o
 .text.DrawTrafficLight
                0x08000428       0x58 build/src/draw_graph.o
                0x08000428                DrawTrafficLight
 .text.DrawBackground
                0x08000480       0x80 build/src/draw_graph.o
                0x08000480                DrawBackground
 .text.prvInit  0x08000500       0x34 build/src/main.o
                0x08000500                prvInit
 .text.GetTrafficState
                0x08000534       0x64 build/src/main.o
 .text.DrawGraphTask
                0x08000598       0x5c build/src/main.o
 .text.ChgTrafficLightTask
                0x080005f4      0x12c build/src/main.o
 .text.ButtonEventTask
                0x08000720       0x60 build/src/main.o
 .text.main     0x08000780      0x104 build/src/main.o
                0x08000780                main
 .text.ReportError
                0x08000884       0x44 build/src/move_car.o
                0x08000884                ReportError
 .text.CarGetColor
                0x080008c8       0x38 build/src/move_car.o
 .text.CheckOppositeDirCars
                0x08000900       0xc8 build/src/move_car.o
 .text.UpdateXY
                0x080009c8      0x17c build/src/move_car.o
 .text.CheckFallInZone
                0x08000b44       0x34 build/src/move_car.o
 .text.CheckOppositeDirection
                0x08000b78       0x48 build/src/move_car.o
 .text.CarsDriveRed
                0x08000bc0       0xb4 build/src/move_car.o
 .text.MoveCar  0x08000c74       0xd0 build/src/move_car.o
                0x08000c74                MoveCar
 .text.vListInitialise
                0x08000d44       0x40 build/freertos/list.o
                0x08000d44                vListInitialise
 .text.vListInitialiseItem
                0x08000d84       0x18 build/freertos/list.o
                0x08000d84                vListInitialiseItem
 .text.vListInsertEnd
                0x08000d9c       0x48 build/freertos/list.o
                0x08000d9c                vListInsertEnd
 .text.vListInsert
                0x08000de4       0x70 build/freertos/list.o
                0x08000de4                vListInsert
 .text.uxListRemove
                0x08000e54       0x54 build/freertos/list.o
                0x08000e54                uxListRemove
 .text.xQueueGenericReset
                0x08000ea8       0xb0 build/freertos/queue.o
                0x08000ea8                xQueueGenericReset
 .text.xQueueGenericCreate
                0x08000f58       0x84 build/freertos/queue.o
                0x08000f58                xQueueGenericCreate
 .text.xQueueCreateMutex
                0x08000fdc       0x90 build/freertos/queue.o
                0x08000fdc                xQueueCreateMutex
 .text.xQueueGenericSend
                0x0800106c      0x180 build/freertos/queue.o
                0x0800106c                xQueueGenericSend
 .text.xQueueGenericSendFromISR
                0x080011ec       0xd4 build/freertos/queue.o
                0x080011ec                xQueueGenericSendFromISR
 .text.xQueueGenericReceive
                0x080012c0      0x1bc build/freertos/queue.o
                0x080012c0                xQueueGenericReceive
 .text.prvCopyDataToQueue
                0x0800147c       0xd0 build/freertos/queue.o
 .text.prvCopyDataFromQueue
                0x0800154c       0x4c build/freertos/queue.o
 .text.prvUnlockQueue
                0x08001598       0x98 build/freertos/queue.o
 .text.prvIsQueueEmpty
                0x08001630       0x2c build/freertos/queue.o
 .text.prvIsQueueFull
                0x0800165c       0x30 build/freertos/queue.o
 .text.vQueueAddToRegistry
                0x0800168c       0x5c build/freertos/queue.o
                0x0800168c                vQueueAddToRegistry
 .text.vQueueWaitForMessageRestricted
                0x080016e8       0x58 build/freertos/queue.o
                0x080016e8                vQueueWaitForMessageRestricted
 .text.xTaskGenericCreate
                0x08001740      0x1b0 build/freertos/tasks.o
                0x08001740                xTaskGenericCreate
 .text.vTaskDelay
                0x080018f0       0x68 build/freertos/tasks.o
                0x080018f0                vTaskDelay
 .text.vTaskStartScheduler
                0x08001958       0x78 build/freertos/tasks.o
                0x08001958                vTaskStartScheduler
 .text.vTaskSuspendAll
                0x080019d0       0x24 build/freertos/tasks.o
                0x080019d0                vTaskSuspendAll
 .text.xTaskResumeAll
                0x080019f4      0x158 build/freertos/tasks.o
                0x080019f4                xTaskResumeAll
 .text.xTaskGetTickCount
                0x08001b4c       0x24 build/freertos/tasks.o
                0x08001b4c                xTaskGetTickCount
 .text.xTaskIncrementTick
                0x08001b70      0x1d8 build/freertos/tasks.o
                0x08001b70                xTaskIncrementTick
 .text.vTaskSwitchContext
                0x08001d48       0xd0 build/freertos/tasks.o
                0x08001d48                vTaskSwitchContext
 .text.vTaskPlaceOnEventList
                0x08001e18       0x7c build/freertos/tasks.o
                0x08001e18                vTaskPlaceOnEventList
 .text.vTaskPlaceOnEventListRestricted
                0x08001e94       0x58 build/freertos/tasks.o
                0x08001e94                vTaskPlaceOnEventListRestricted
 .text.xTaskRemoveFromEventList
                0x08001eec       0xc8 build/freertos/tasks.o
                0x08001eec                xTaskRemoveFromEventList
 .text.vTaskSetTimeOutState
                0x08001fb4       0x38 build/freertos/tasks.o
                0x08001fb4                vTaskSetTimeOutState
 .text.xTaskCheckForTimeOut
                0x08001fec       0xa4 build/freertos/tasks.o
                0x08001fec                xTaskCheckForTimeOut
 .text.vTaskMissedYield
                0x08002090       0x18 build/freertos/tasks.o
                0x08002090                vTaskMissedYield
 .text.prvIdleTask
                0x080020a8       0x20 build/freertos/tasks.o
 .text.prvInitialiseTCBVariables
                0x080020c8       0x90 build/freertos/tasks.o
 .text.prvInitialiseTaskLists
                0x08002158       0x98 build/freertos/tasks.o
 .text.prvCheckTasksWaitingTermination
                0x080021f0       0x94 build/freertos/tasks.o
 .text.prvAddCurrentTaskToDelayedList
                0x08002284       0x88 build/freertos/tasks.o
 .text.prvAllocateTCBAndStack
                0x0800230c       0x64 build/freertos/tasks.o
 .text.prvDeleteTCB
                0x08002370       0x20 build/freertos/tasks.o
 .text.prvResetNextTaskUnblockTime
                0x08002390       0x58 build/freertos/tasks.o
 .text.xTaskGetCurrentTaskHandle
                0x080023e8       0x20 build/freertos/tasks.o
                0x080023e8                xTaskGetCurrentTaskHandle
 .text.xTaskGetSchedulerState
                0x08002408       0x40 build/freertos/tasks.o
                0x08002408                xTaskGetSchedulerState
 .text.vTaskPriorityInherit
                0x08002448       0xe0 build/freertos/tasks.o
                0x08002448                vTaskPriorityInherit
 .text.vTaskPriorityDisinherit
                0x08002528       0x8c build/freertos/tasks.o
                0x08002528                vTaskPriorityDisinherit
 .text.xTimerCreateTimerTask
                0x080025b4       0x60 build/freertos/timers.o
                0x080025b4                xTimerCreateTimerTask
 .text.xTimerGenericCommand
                0x08002614       0xa0 build/freertos/timers.o
                0x08002614                xTimerGenericCommand
 .text.prvProcessExpiredTimer
                0x080026b4       0x74 build/freertos/timers.o
 .text.prvTimerTask
                0x08002728       0x24 build/freertos/timers.o
 .text.prvProcessTimerOrBlockTask
                0x0800274c       0x70 build/freertos/timers.o
 .text.prvGetNextExpireTime
                0x080027bc       0x50 build/freertos/timers.o
 .text.prvSampleTimeNow
                0x0800280c       0x48 build/freertos/timers.o
 .text.prvInsertTimerInActiveList
                0x08002854       0x88 build/freertos/timers.o
 .text.prvProcessReceivedCommands
                0x080028dc      0x114 build/freertos/timers.o
 .text.prvSwitchTimerLists
                0x080029f0       0xd8 build/freertos/timers.o
 .text.prvCheckForValidListAndQueue
                0x08002ac8       0xa8 build/freertos/timers.o
 .text.NVIC_Init
                0x08002b70       0xcc build/CORTEX_M4F_STM32F4/Libraries/STM32F4xx_StdPeriph_Driver/src/misc.o
                0x08002b70                NVIC_Init
 .text.DMA2D_DeInit
                0x08002c3c       0x1c build/CORTEX_M4F_STM32F4/Libraries/STM32F4xx_StdPeriph_Driver/src/stm32f4xx_dma2d.o
                0x08002c3c                DMA2D_DeInit
 .text.DMA2D_Init
                0x08002c58      0x1cc build/CORTEX_M4F_STM32F4/Libraries/STM32F4xx_StdPeriph_Driver/src/stm32f4xx_dma2d.o
                0x08002c58                DMA2D_Init
 .text.DMA2D_StartTransfer
                0x08002e24       0x24 build/CORTEX_M4F_STM32F4/Libraries/STM32F4xx_StdPeriph_Driver/src/stm32f4xx_dma2d.o
                0x08002e24                DMA2D_StartTransfer
 .text.DMA2D_GetFlagStatus
                0x08002e48       0x38 build/CORTEX_M4F_STM32F4/Libraries/STM32F4xx_StdPeriph_Driver/src/stm32f4xx_dma2d.o
                0x08002e48                DMA2D_GetFlagStatus
 .text.EXTI_Init
                0x08002e80      0x12c build/CORTEX_M4F_STM32F4/Libraries/STM32F4xx_StdPeriph_Driver/src/stm32f4xx_exti.o
                0x08002e80                EXTI_Init
 .text.FMC_SDRAMInit
                0x08002fac      0x17c build/CORTEX_M4F_STM32F4/Libraries/STM32F4xx_StdPeriph_Driver/src/stm32f4xx_fmc.o
                0x08002fac                FMC_SDRAMInit
 .text.FMC_SDRAMCmdConfig
                0x08003128       0x40 build/CORTEX_M4F_STM32F4/Libraries/STM32F4xx_StdPeriph_Driver/src/stm32f4xx_fmc.o
                0x08003128                FMC_SDRAMCmdConfig
 .text.FMC_SetRefreshCount
                0x08003168       0x2c build/CORTEX_M4F_STM32F4/Libraries/STM32F4xx_StdPeriph_Driver/src/stm32f4xx_fmc.o
                0x08003168                FMC_SetRefreshCount
 .text.FMC_GetFlagStatus
                0x08003194       0x7c build/CORTEX_M4F_STM32F4/Libraries/STM32F4xx_StdPeriph_Driver/src/stm32f4xx_fmc.o
                0x08003194                FMC_GetFlagStatus
 .text.GPIO_Init
                0x08003210      0x11c build/CORTEX_M4F_STM32F4/Libraries/STM32F4xx_StdPeriph_Driver/src/stm32f4xx_gpio.o
                0x08003210                GPIO_Init
 .text.GPIO_ReadInputDataBit
                0x0800332c       0x34 build/CORTEX_M4F_STM32F4/Libraries/STM32F4xx_StdPeriph_Driver/src/stm32f4xx_gpio.o
                0x0800332c                GPIO_ReadInputDataBit
 .text.GPIO_SetBits
                0x08003360       0x1c build/CORTEX_M4F_STM32F4/Libraries/STM32F4xx_StdPeriph_Driver/src/stm32f4xx_gpio.o
                0x08003360                GPIO_SetBits
 .text.GPIO_ResetBits
                0x0800337c       0x1c build/CORTEX_M4F_STM32F4/Libraries/STM32F4xx_StdPeriph_Driver/src/stm32f4xx_gpio.o
                0x0800337c                GPIO_ResetBits
 .text.GPIO_WriteBit
                0x08003398       0x30 build/CORTEX_M4F_STM32F4/Libraries/STM32F4xx_StdPeriph_Driver/src/stm32f4xx_gpio.o
                0x08003398                GPIO_WriteBit
 .text.GPIO_PinAFConfig
                0x080033c8       0x8c build/CORTEX_M4F_STM32F4/Libraries/STM32F4xx_StdPeriph_Driver/src/stm32f4xx_gpio.o
                0x080033c8                GPIO_PinAFConfig
 .text.I2C_DeInit
                0x08003454       0x78 build/CORTEX_M4F_STM32F4/Libraries/STM32F4xx_StdPeriph_Driver/src/stm32f4xx_i2c.o
                0x08003454                I2C_DeInit
 .text.I2C_Init
                0x080034cc      0x18c build/CORTEX_M4F_STM32F4/Libraries/STM32F4xx_StdPeriph_Driver/src/stm32f4xx_i2c.o
                0x080034cc                I2C_Init
 .text.I2C_Cmd  0x08003658       0x40 build/CORTEX_M4F_STM32F4/Libraries/STM32F4xx_StdPeriph_Driver/src/stm32f4xx_i2c.o
                0x08003658                I2C_Cmd
 .text.I2C_GenerateSTART
                0x08003698       0x40 build/CORTEX_M4F_STM32F4/Libraries/STM32F4xx_StdPeriph_Driver/src/stm32f4xx_i2c.o
                0x08003698                I2C_GenerateSTART
 .text.I2C_GenerateSTOP
                0x080036d8       0x40 build/CORTEX_M4F_STM32F4/Libraries/STM32F4xx_StdPeriph_Driver/src/stm32f4xx_i2c.o
                0x080036d8                I2C_GenerateSTOP
 .text.I2C_Send7bitAddress
                0x08003718       0x3c build/CORTEX_M4F_STM32F4/Libraries/STM32F4xx_StdPeriph_Driver/src/stm32f4xx_i2c.o
                0x08003718                I2C_Send7bitAddress
 .text.I2C_AcknowledgeConfig
                0x08003754       0x40 build/CORTEX_M4F_STM32F4/Libraries/STM32F4xx_StdPeriph_Driver/src/stm32f4xx_i2c.o
                0x08003754                I2C_AcknowledgeConfig
 .text.I2C_SoftwareResetCmd
                0x08003794       0x44 build/CORTEX_M4F_STM32F4/Libraries/STM32F4xx_StdPeriph_Driver/src/stm32f4xx_i2c.o
                0x08003794                I2C_SoftwareResetCmd
 .text.I2C_SendData
                0x080037d8       0x20 build/CORTEX_M4F_STM32F4/Libraries/STM32F4xx_StdPeriph_Driver/src/stm32f4xx_i2c.o
                0x080037d8                I2C_SendData
 .text.I2C_ReceiveData
                0x080037f8       0x1c build/CORTEX_M4F_STM32F4/Libraries/STM32F4xx_StdPeriph_Driver/src/stm32f4xx_i2c.o
                0x080037f8                I2C_ReceiveData
 .text.I2C_GetFlagStatus
                0x08003814       0x68 build/CORTEX_M4F_STM32F4/Libraries/STM32F4xx_StdPeriph_Driver/src/stm32f4xx_i2c.o
                0x08003814                I2C_GetFlagStatus
 .text.LTDC_Init
                0x0800387c      0x1d0 build/CORTEX_M4F_STM32F4/Libraries/STM32F4xx_StdPeriph_Driver/src/stm32f4xx_ltdc.o
                0x0800387c                LTDC_Init
 .text.LTDC_Cmd
                0x08003a4c       0x4c build/CORTEX_M4F_STM32F4/Libraries/STM32F4xx_StdPeriph_Driver/src/stm32f4xx_ltdc.o
                0x08003a4c                LTDC_Cmd
 .text.LTDC_DitherCmd
                0x08003a98       0x4c build/CORTEX_M4F_STM32F4/Libraries/STM32F4xx_StdPeriph_Driver/src/stm32f4xx_ltdc.o
                0x08003a98                LTDC_DitherCmd
 .text.LTDC_ReloadConfig
                0x08003ae4       0x20 build/CORTEX_M4F_STM32F4/Libraries/STM32F4xx_StdPeriph_Driver/src/stm32f4xx_ltdc.o
                0x08003ae4                LTDC_ReloadConfig
 .text.LTDC_LayerInit
                0x08003b04      0x134 build/CORTEX_M4F_STM32F4/Libraries/STM32F4xx_StdPeriph_Driver/src/stm32f4xx_ltdc.o
                0x08003b04                LTDC_LayerInit
 .text.LTDC_LayerCmd
                0x08003c38       0x38 build/CORTEX_M4F_STM32F4/Libraries/STM32F4xx_StdPeriph_Driver/src/stm32f4xx_ltdc.o
                0x08003c38                LTDC_LayerCmd
 .text.RCC_PLLSAIConfig
                0x08003c70       0x34 build/CORTEX_M4F_STM32F4/Libraries/STM32F4xx_StdPeriph_Driver/src/stm32f4xx_rcc.o
                0x08003c70                RCC_PLLSAIConfig
 .text.RCC_PLLSAICmd
                0x08003ca4       0x20 build/CORTEX_M4F_STM32F4/Libraries/STM32F4xx_StdPeriph_Driver/src/stm32f4xx_rcc.o
                0x08003ca4                RCC_PLLSAICmd
 .text.RCC_GetClocksFreq
                0x08003cc4      0x1a8 build/CORTEX_M4F_STM32F4/Libraries/STM32F4xx_StdPeriph_Driver/src/stm32f4xx_rcc.o
                0x08003cc4                RCC_GetClocksFreq
 .text.RCC_LTDCCLKDivConfig
                0x08003e6c       0x44 build/CORTEX_M4F_STM32F4/Libraries/STM32F4xx_StdPeriph_Driver/src/stm32f4xx_rcc.o
                0x08003e6c                RCC_LTDCCLKDivConfig
 .text.RCC_AHB1PeriphClockCmd
                0x08003eb0       0x50 build/CORTEX_M4F_STM32F4/Libraries/STM32F4xx_StdPeriph_Driver/src/stm32f4xx_rcc.o
                0x08003eb0                RCC_AHB1PeriphClockCmd
 .text.RCC_AHB2PeriphClockCmd
                0x08003f00       0x50 build/CORTEX_M4F_STM32F4/Libraries/STM32F4xx_StdPeriph_Driver/src/stm32f4xx_rcc.o
                0x08003f00                RCC_AHB2PeriphClockCmd
 .text.RCC_AHB3PeriphClockCmd
                0x08003f50       0x50 build/CORTEX_M4F_STM32F4/Libraries/STM32F4xx_StdPeriph_Driver/src/stm32f4xx_rcc.o
                0x08003f50                RCC_AHB3PeriphClockCmd
 .text.RCC_APB1PeriphClockCmd
                0x08003fa0       0x50 build/CORTEX_M4F_STM32F4/Libraries/STM32F4xx_StdPeriph_Driver/src/stm32f4xx_rcc.o
                0x08003fa0                RCC_APB1PeriphClockCmd
 .text.RCC_APB2PeriphClockCmd
                0x08003ff0       0x50 build/CORTEX_M4F_STM32F4/Libraries/STM32F4xx_StdPeriph_Driver/src/stm32f4xx_rcc.o
                0x08003ff0                RCC_APB2PeriphClockCmd
 .text.RCC_AHB1PeriphResetCmd
                0x08004040       0x50 build/CORTEX_M4F_STM32F4/Libraries/STM32F4xx_StdPeriph_Driver/src/stm32f4xx_rcc.o
                0x08004040                RCC_AHB1PeriphResetCmd
 .text.RCC_APB1PeriphResetCmd
                0x08004090       0x50 build/CORTEX_M4F_STM32F4/Libraries/STM32F4xx_StdPeriph_Driver/src/stm32f4xx_rcc.o
                0x08004090                RCC_APB1PeriphResetCmd
 .text.RCC_APB2PeriphResetCmd
                0x080040e0       0x50 build/CORTEX_M4F_STM32F4/Libraries/STM32F4xx_StdPeriph_Driver/src/stm32f4xx_rcc.o
                0x080040e0                RCC_APB2PeriphResetCmd
 .text.RCC_GetFlagStatus
                0x08004130       0x84 build/CORTEX_M4F_STM32F4/Libraries/STM32F4xx_StdPeriph_Driver/src/stm32f4xx_rcc.o
                0x08004130                RCC_GetFlagStatus
 .text.RNG_Cmd  0x080041b4       0x4c build/CORTEX_M4F_STM32F4/Libraries/STM32F4xx_StdPeriph_Driver/src/stm32f4xx_rng.o
                0x080041b4                RNG_Cmd
 .text.RNG_GetRandomNumber
                0x08004200       0x18 build/CORTEX_M4F_STM32F4/Libraries/STM32F4xx_StdPeriph_Driver/src/stm32f4xx_rng.o
                0x08004200                RNG_GetRandomNumber
 .text.RNG_GetFlagStatus
                0x08004218       0x38 build/CORTEX_M4F_STM32F4/Libraries/STM32F4xx_StdPeriph_Driver/src/stm32f4xx_rng.o
                0x08004218                RNG_GetFlagStatus
 .text.SPI_I2S_DeInit
                0x08004250       0xe4 build/CORTEX_M4F_STM32F4/Libraries/STM32F4xx_StdPeriph_Driver/src/stm32f4xx_spi.o
                0x08004250                SPI_I2S_DeInit
 .text.SPI_Init
                0x08004334       0x88 build/CORTEX_M4F_STM32F4/Libraries/STM32F4xx_StdPeriph_Driver/src/stm32f4xx_spi.o
                0x08004334                SPI_Init
 .text.SPI_Cmd  0x080043bc       0x40 build/CORTEX_M4F_STM32F4/Libraries/STM32F4xx_StdPeriph_Driver/src/stm32f4xx_spi.o
                0x080043bc                SPI_Cmd
 .text.SPI_I2S_SendData
                0x080043fc       0x1c build/CORTEX_M4F_STM32F4/Libraries/STM32F4xx_StdPeriph_Driver/src/stm32f4xx_spi.o
                0x080043fc                SPI_I2S_SendData
 .text.SPI_I2S_GetFlagStatus
                0x08004418       0x38 build/CORTEX_M4F_STM32F4/Libraries/STM32F4xx_StdPeriph_Driver/src/stm32f4xx_spi.o
                0x08004418                SPI_I2S_GetFlagStatus
 .text.SYSCFG_EXTILineConfig
                0x08004450       0x94 build/CORTEX_M4F_STM32F4/Libraries/STM32F4xx_StdPeriph_Driver/src/stm32f4xx_syscfg.o
                0x08004450                SYSCFG_EXTILineConfig
 .text.STM_EVAL_PBInit
                0x080044e4       0x94 build/Utilities/STM32F429I-Discovery/stm32f429i_discovery.o
                0x080044e4                STM_EVAL_PBInit
 .text.STM_EVAL_PBGetState
                0x08004578       0x2c build/Utilities/STM32F429I-Discovery/stm32f429i_discovery.o
                0x08004578                STM_EVAL_PBGetState
 .text.IOE_Config
                0x080045a4       0x30 build/Utilities/STM32F429I-Discovery/stm32f429i_discovery_ioe.o
                0x080045a4                IOE_Config
 .text.IOE_IsOperational
                0x080045d4       0x34 build/Utilities/STM32F429I-Discovery/stm32f429i_discovery_ioe.o
                0x080045d4                IOE_IsOperational
 .text.IOE_Reset
                0x08004608       0x20 build/Utilities/STM32F429I-Discovery/stm32f429i_discovery_ioe.o
                0x08004608                IOE_Reset
 .text.IOE_ReadID
                0x08004628       0x34 build/Utilities/STM32F429I-Discovery/stm32f429i_discovery_ioe.o
                0x08004628                IOE_ReadID
 .text.IOE_FnctCmd
                0x0800465c       0x50 build/Utilities/STM32F429I-Discovery/stm32f429i_discovery_ioe.o
                0x0800465c                IOE_FnctCmd
 .text.IOE_TP_Config
                0x080046ac       0xb8 build/Utilities/STM32F429I-Discovery/stm32f429i_discovery_ioe.o
                0x080046ac                IOE_TP_Config
 .text.IOE_IOAFConfig
                0x08004764       0x50 build/Utilities/STM32F429I-Discovery/stm32f429i_discovery_ioe.o
                0x08004764                IOE_IOAFConfig
 .text.IOE_GPIO_Config
                0x080047b4       0x98 build/Utilities/STM32F429I-Discovery/stm32f429i_discovery_ioe.o
 .text.IOE_I2C_Config
                0x0800484c       0x64 build/Utilities/STM32F429I-Discovery/stm32f429i_discovery_ioe.o
 .text.I2C_WriteDeviceRegister
                0x080048b0      0x208 build/Utilities/STM32F429I-Discovery/stm32f429i_discovery_ioe.o
                0x080048b0                I2C_WriteDeviceRegister
 .text.I2C_ReadDeviceRegister
                0x08004ab8      0x2e0 build/Utilities/STM32F429I-Discovery/stm32f429i_discovery_ioe.o
                0x08004ab8                I2C_ReadDeviceRegister
 .text.IOE_TimeoutUserCallback
                0x08004d98       0x8c build/Utilities/STM32F429I-Discovery/stm32f429i_discovery_ioe.o
                0x08004d98                IOE_TimeoutUserCallback
 .text.delay    0x08004e24       0x34 build/Utilities/STM32F429I-Discovery/stm32f429i_discovery_ioe.o
 .text.LCD_Init
                0x08004e58       0xb4 build/Utilities/STM32F429I-Discovery/stm32f429i_discovery_lcd.o
                0x08004e58                LCD_Init
 .text.LCD_LayerInit
                0x08004f0c       0xc8 build/Utilities/STM32F429I-Discovery/stm32f429i_discovery_lcd.o
                0x08004f0c                LCD_LayerInit
 .text.LCD_ChipSelect
                0x08004fd4       0x34 build/Utilities/STM32F429I-Discovery/stm32f429i_discovery_lcd.o
                0x08004fd4                LCD_ChipSelect
 .text.LCD_SetLayer
                0x08005008       0x50 build/Utilities/STM32F429I-Discovery/stm32f429i_discovery_lcd.o
                0x08005008                LCD_SetLayer
 .text.LCD_SetTextColor
                0x08005058       0x20 build/Utilities/STM32F429I-Discovery/stm32f429i_discovery_lcd.o
                0x08005058                LCD_SetTextColor
 .text.LCD_SetBackColor
                0x08005078       0x20 build/Utilities/STM32F429I-Discovery/stm32f429i_discovery_lcd.o
                0x08005078                LCD_SetBackColor
 .text.LCD_SetFont
                0x08005098       0x20 build/Utilities/STM32F429I-Discovery/stm32f429i_discovery_lcd.o
                0x08005098                LCD_SetFont
 .text.LCD_GetFont
                0x080050b8       0x18 build/Utilities/STM32F429I-Discovery/stm32f429i_discovery_lcd.o
                0x080050b8                LCD_GetFont
 .text.LCD_ClearLine
                0x080050d0       0x60 build/Utilities/STM32F429I-Discovery/stm32f429i_discovery_lcd.o
                0x080050d0                LCD_ClearLine
 .text.LCD_Clear
                0x08005130       0x40 build/Utilities/STM32F429I-Discovery/stm32f429i_discovery_lcd.o
                0x08005130                LCD_Clear
 .text.LCD_DrawChar
                0x08005170      0x154 build/Utilities/STM32F429I-Discovery/stm32f429i_discovery_lcd.o
                0x08005170                LCD_DrawChar
 .text.LCD_DisplayChar
                0x080052c4       0x50 build/Utilities/STM32F429I-Discovery/stm32f429i_discovery_lcd.o
                0x080052c4                LCD_DisplayChar
 .text.LCD_DisplayStringLine
                0x08005314       0x88 build/Utilities/STM32F429I-Discovery/stm32f429i_discovery_lcd.o
                0x08005314                LCD_DisplayStringLine
 .text.LCD_DrawLine
                0x0800539c       0xd8 build/Utilities/STM32F429I-Discovery/stm32f429i_discovery_lcd.o
                0x0800539c                LCD_DrawLine
 .text.LCD_DrawCircle
                0x08005474      0x15c build/Utilities/STM32F429I-Discovery/stm32f429i_discovery_lcd.o
                0x08005474                LCD_DrawCircle
 .text.LCD_DrawFullRect
                0x080055d0       0xd8 build/Utilities/STM32F429I-Discovery/stm32f429i_discovery_lcd.o
                0x080055d0                LCD_DrawFullRect
 .text.LCD_DrawFullCircle
                0x080056a8      0x120 build/Utilities/STM32F429I-Discovery/stm32f429i_discovery_lcd.o
                0x080056a8                LCD_DrawFullCircle
 .text.LCD_WriteCommand
                0x080057c8       0x6c build/Utilities/STM32F429I-Discovery/stm32f429i_discovery_lcd.o
                0x080057c8                LCD_WriteCommand
 .text.LCD_WriteData
                0x08005834       0x6c build/Utilities/STM32F429I-Discovery/stm32f429i_discovery_lcd.o
                0x08005834                LCD_WriteData
 .text.LCD_PowerOn
                0x080058a0      0x290 build/Utilities/STM32F429I-Discovery/stm32f429i_discovery_lcd.o
                0x080058a0                LCD_PowerOn
 .text.LCD_CtrlLinesConfig
                0x08005b30       0x60 build/Utilities/STM32F429I-Discovery/stm32f429i_discovery_lcd.o
                0x08005b30                LCD_CtrlLinesConfig
 .text.LCD_CtrlLinesWrite
                0x08005b90       0x24 build/Utilities/STM32F429I-Discovery/stm32f429i_discovery_lcd.o
                0x08005b90                LCD_CtrlLinesWrite
 .text.LCD_SPIConfig
                0x08005bb4      0x108 build/Utilities/STM32F429I-Discovery/stm32f429i_discovery_lcd.o
                0x08005bb4                LCD_SPIConfig
 .text.LCD_AF_GPIOConfig
                0x08005cbc      0x1fc build/Utilities/STM32F429I-Discovery/stm32f429i_discovery_lcd.o
 .text.delay    0x08005eb8       0x28 build/Utilities/STM32F429I-Discovery/stm32f429i_discovery_lcd.o
 .text.SDRAM_Init
                0x08005ee0       0x74 build/Utilities/STM32F429I-Discovery/stm32f429i_discovery_sdram.o
                0x08005ee0                SDRAM_Init
 .text.SDRAM_GPIOConfig
                0x08005f54      0x304 build/Utilities/STM32F429I-Discovery/stm32f429i_discovery_sdram.o
                0x08005f54                SDRAM_GPIOConfig
 .text.SDRAM_InitSequence
                0x08006258       0xec build/Utilities/STM32F429I-Discovery/stm32f429i_discovery_sdram.o
                0x08006258                SDRAM_InitSequence
 .text.delay    0x08006344       0x34 build/Utilities/STM32F429I-Discovery/stm32f429i_discovery_sdram.o
 .text.pvPortMalloc
                0x08006378       0xbc build/freertos/portable/MemMang/heap_1.o
                0x08006378                pvPortMalloc
 .text.vPortFree
                0x08006434       0x1c build/freertos/portable/MemMang/heap_1.o
                0x08006434                vPortFree
 .text.pxPortInitialiseStack
                0x08006450       0x68 build/freertos/portable/GCC/ARM_CM4F/port.o
                0x08006450                pxPortInitialiseStack
 .text.prvTaskExitError
                0x080064b8       0x20 build/freertos/portable/GCC/ARM_CM4F/port.o
 .text.SVC_Handler
                0x080064d8       0x20 build/freertos/portable/GCC/ARM_CM4F/port.o
                0x080064d8                SVC_Handler
 .text.prvPortStartFirstTask
                0x080064f8       0x1c build/freertos/portable/GCC/ARM_CM4F/port.o
 .text.xPortStartScheduler
                0x08006514      0x118 build/freertos/portable/GCC/ARM_CM4F/port.o
                0x08006514                xPortStartScheduler
 .text.vPortYield
                0x0800662c       0x24 build/freertos/portable/GCC/ARM_CM4F/port.o
                0x0800662c                vPortYield
 .text.vPortEnterCritical
                0x08006650       0x28 build/freertos/portable/GCC/ARM_CM4F/port.o
                0x08006650                vPortEnterCritical
 .text.vPortExitCritical
                0x08006678       0x44 build/freertos/portable/GCC/ARM_CM4F/port.o
                0x08006678                vPortExitCritical
 .text.ulPortSetInterruptMask
                0x080066bc       0x14 build/freertos/portable/GCC/ARM_CM4F/port.o
                0x080066bc                ulPortSetInterruptMask
 .text.vPortClearInterruptMask
                0x080066d0        0x8 build/freertos/portable/GCC/ARM_CM4F/port.o
                0x080066d0                vPortClearInterruptMask
 .text.PendSV_Handler
                0x080066d8       0x58 build/freertos/portable/GCC/ARM_CM4F/port.o
                0x080066d8                PendSV_Handler
 .text.SysTick_Handler
                0x08006730       0x28 build/freertos/portable/GCC/ARM_CM4F/port.o
                0x08006730                SysTick_Handler
 .text.vPortSetupTimerInterrupt
                0x08006758       0x3c build/freertos/portable/GCC/ARM_CM4F/port.o
                0x08006758                vPortSetupTimerInterrupt
 .text.vPortEnableVFP
                0x08006794       0x14 build/freertos/portable/GCC/ARM_CM4F/port.o
 .text.vPortValidateInterruptPriority
                0x080067a8       0x60 build/freertos/portable/GCC/ARM_CM4F/port.o
                0x080067a8                vPortValidateInterruptPriority
 .text.Reset_Handler
                0x08006808       0x44 build/CORTEX_M4F_STM32F4/startup_stm32f429_439xx.o
                0x08006808                Reset_Handler
 .text.Default_Handler
                0x0800684c        0x2 build/CORTEX_M4F_STM32F4/startup_stm32f429_439xx.o
                0x0800684c                RTC_Alarm_IRQHandler
                0x0800684c                HASH_RNG_IRQHandler
                0x0800684c                EXTI2_IRQHandler
                0x0800684c                TIM8_CC_IRQHandler
                0x0800684c                DebugMon_Handler
                0x0800684c                UART8_IRQHandler
                0x0800684c                SPI4_IRQHandler
                0x0800684c                TIM1_CC_IRQHandler
                0x0800684c                DMA2_Stream5_IRQHandler
                0x0800684c                HardFault_Handler
                0x0800684c                DMA1_Stream5_IRQHandler
                0x0800684c                PVD_IRQHandler
                0x0800684c                SDIO_IRQHandler
                0x0800684c                TAMP_STAMP_IRQHandler
                0x0800684c                NMI_Handler
                0x0800684c                CAN2_RX1_IRQHandler
                0x0800684c                EXTI3_IRQHandler
                0x0800684c                TIM8_TRG_COM_TIM14_IRQHandler
                0x0800684c                TIM1_UP_TIM10_IRQHandler
                0x0800684c                TIM8_UP_TIM13_IRQHandler
                0x0800684c                I2C3_ER_IRQHandler
                0x0800684c                EXTI0_IRQHandler
                0x0800684c                I2C2_EV_IRQHandler
                0x0800684c                DMA1_Stream2_IRQHandler
                0x0800684c                CAN1_RX0_IRQHandler
                0x0800684c                FPU_IRQHandler
                0x0800684c                OTG_HS_WKUP_IRQHandler
                0x0800684c                UsageFault_Handler
                0x0800684c                LTDC_ER_IRQHandler
                0x0800684c                CAN2_SCE_IRQHandler
                0x0800684c                DMA2_Stream2_IRQHandler
                0x0800684c                SPI1_IRQHandler
                0x0800684c                TIM6_DAC_IRQHandler
                0x0800684c                TIM1_BRK_TIM9_IRQHandler
                0x0800684c                DCMI_IRQHandler
                0x0800684c                CAN2_RX0_IRQHandler
                0x0800684c                DMA2_Stream3_IRQHandler
                0x0800684c                USART6_IRQHandler
                0x0800684c                USART3_IRQHandler
                0x0800684c                CRYP_IRQHandler
                0x0800684c                CAN1_RX1_IRQHandler
                0x0800684c                UART5_IRQHandler
                0x0800684c                DMA2_Stream0_IRQHandler
                0x0800684c                TIM4_IRQHandler
                0x0800684c                I2C1_EV_IRQHandler
                0x0800684c                DMA1_Stream6_IRQHandler
                0x0800684c                DMA1_Stream1_IRQHandler
                0x0800684c                UART4_IRQHandler
                0x0800684c                TIM3_IRQHandler
                0x0800684c                RCC_IRQHandler
                0x0800684c                TIM8_BRK_TIM12_IRQHandler
                0x0800684c                Default_Handler
                0x0800684c                EXTI15_10_IRQHandler
                0x0800684c                ADC_IRQHandler
                0x0800684c                DMA1_Stream7_IRQHandler
                0x0800684c                SPI5_IRQHandler
                0x0800684c                TIM7_IRQHandler
                0x0800684c                CAN2_TX_IRQHandler
                0x0800684c                TIM5_IRQHandler
                0x0800684c                DMA2_Stream7_IRQHandler
                0x0800684c                I2C3_EV_IRQHandler
                0x0800684c                EXTI9_5_IRQHandler
                0x0800684c                RTC_WKUP_IRQHandler
                0x0800684c                LTDC_IRQHandler
                0x0800684c                ETH_WKUP_IRQHandler
                0x0800684c                SPI2_IRQHandler
                0x0800684c                OTG_HS_EP1_IN_IRQHandler
                0x0800684c                MemManage_Handler
                0x0800684c                DMA1_Stream0_IRQHandler
                0x0800684c                CAN1_TX_IRQHandler
                0x0800684c                EXTI4_IRQHandler
                0x0800684c                FSMC_IRQHandler
                0x0800684c                ETH_IRQHandler
                0x0800684c                OTG_HS_EP1_OUT_IRQHandler
                0x0800684c                WWDG_IRQHandler
                0x0800684c                SPI6_IRQHandler
                0x0800684c                TIM2_IRQHandler
                0x0800684c                OTG_FS_WKUP_IRQHandler
                0x0800684c                TIM1_TRG_COM_TIM11_IRQHandler
                0x0800684c                OTG_HS_IRQHandler
                0x0800684c                DMA2D_IRQHandler
                0x0800684c                EXTI1_IRQHandler
                0x0800684c                UART7_IRQHandler
                0x0800684c                USART2_IRQHandler
                0x0800684c                I2C2_ER_IRQHandler
                0x0800684c                DMA2_Stream1_IRQHandler
                0x0800684c                CAN1_SCE_IRQHandler
                0x0800684c                FLASH_IRQHandler
                0x0800684c                DMA2_Stream4_IRQHandler
                0x0800684c                BusFault_Handler
                0x0800684c                USART1_IRQHandler
                0x0800684c                OTG_FS_IRQHandler
                0x0800684c                SPI3_IRQHandler
                0x0800684c                DMA1_Stream4_IRQHandler
                0x0800684c                I2C1_ER_IRQHandler
                0x0800684c                DMA2_Stream6_IRQHandler
                0x0800684c                SAI1_IRQHandler
                0x0800684c                DMA1_Stream3_IRQHandler
 *fill*         0x0800684e        0x2 
 .text.SystemInit
                0x08006850       0xac build/CORTEX_M4F_STM32F4/startup/system_stm32f4xx.o
                0x08006850                SystemInit
 .text.SetSysClock
                0x080068fc      0x17c build/CORTEX_M4F_STM32F4/startup/system_stm32f4xx.o
 *(.glue_7)
 .glue_7        0x00000000        0x0 linker stubs
 *(.glue_7t)
 .glue_7t       0x00000000        0x0 linker stubs
 *(.eh_frame)
 .eh_frame      0x08006a78        0x0 /usr/local/csl/arm-2014.05/bin/../lib/gcc/arm-none-eabi/4.8.3/thumb2/crtbegin.o
 *(.init)
 .init          0x08006a78        0x4 /usr/local/csl/arm-2014.05/bin/../lib/gcc/arm-none-eabi/4.8.3/thumb2/crti.o
                0x08006a78                _init
 .init          0x08006a7c        0x8 /usr/local/csl/arm-2014.05/bin/../lib/gcc/arm-none-eabi/4.8.3/thumb2/crtn.o
 *(.fini)
 .fini          0x08006a84        0x4 /usr/local/csl/arm-2014.05/bin/../lib/gcc/arm-none-eabi/4.8.3/thumb2/crti.o
                0x08006a84                _fini
 .fini          0x08006a88        0x8 /usr/local/csl/arm-2014.05/bin/../lib/gcc/arm-none-eabi/4.8.3/thumb2/crtn.o
                0x08006a90                . = ALIGN (0x4)
                0x08006a90                _etext = .

.vfp11_veneer   0x08006a90        0x0
 .vfp11_veneer  0x00000000        0x0 linker stubs

.v4_bx          0x08006a90        0x0
 .v4_bx         0x00000000        0x0 linker stubs

.iplt           0x08006a90        0x0
 .iplt          0x00000000        0x0 /usr/local/csl/arm-2014.05/bin/../lib/gcc/arm-none-eabi/4.8.3/thumb2/crtbegin.o

.rodata         0x08006a90     0x1284
                0x08006a90                . = ALIGN (0x4)
 *(.rodata)
 .rodata        0x08006a90       0x9c build/src/main.o
 .rodata        0x08006b2c        0x8 build/freertos/tasks.o
 .rodata        0x08006b34       0x10 build/freertos/timers.o
 *(.rodata*)
 .rodata.ASCII16x24_Table
                0x08006b44     0x11d0 build/Utilities/STM32F429I-Discovery/stm32f429i_discovery_lcd.o
                0x08006b44                ASCII16x24_Table
                0x08007d14                . = ALIGN (0x4)

.rel.dyn        0x08007d14        0x0
 .rel.iplt      0x00000000        0x0 /usr/local/csl/arm-2014.05/bin/../lib/gcc/arm-none-eabi/4.8.3/thumb2/crtbegin.o

.ARM.extab
 *(.ARM.extab* .gnu.linkonce.armextab.*)

.ARM            0x08007d14        0x0
                0x08007d14                __exidx_start = .
 *(.ARM.exidx*)
                0x08007d14                __exidx_end = .

.preinit_array  0x08007d14        0x0
                0x08007d14                PROVIDE (__preinit_array_start, .)
 *(.preinit_array*)
                0x08007d14                PROVIDE (__preinit_array_end, .)

.init_array     0x08007d14        0x4
                0x08007d14                PROVIDE (__init_array_start, .)
 *(SORT(.init_array.*))
 *(.init_array*)
 .init_array    0x08007d14        0x4 /usr/local/csl/arm-2014.05/bin/../lib/gcc/arm-none-eabi/4.8.3/thumb2/crtbegin.o
                0x08007d18                PROVIDE (__init_array_end, .)

.fini_array     0x08007d18        0x4
                0x08007d18                PROVIDE (__fini_array_start, .)
 *(SORT(.fini_array.*))
 *(.fini_array*)
 .fini_array    0x08007d18        0x4 /usr/local/csl/arm-2014.05/bin/../lib/gcc/arm-none-eabi/4.8.3/thumb2/crtbegin.o
                0x08007d1c                PROVIDE (__fini_array_end, .)
                0x08007d1c                _sidata = LOADADDR (.data)

.data           0x20000000      0x21c load address 0x08007d1c
                0x20000000                . = ALIGN (0x4)
                0x20000000                _sdata = .
 *(.data)
 *(.data*)
 .data.fence_info
                0x20000000       0x48 build/src/draw_graph.o
 .data.dline_info
                0x20000048       0x48 build/src/draw_graph.o
 .data.traffic_light_v_info
                0x20000090       0x30 build/src/draw_graph.o
 .data.traffic_light_h_info
                0x200000c0       0x30 build/src/draw_graph.o
 .data.traffic_light_color
                0x200000f0        0x8 build/src/draw_graph.o
 .data.states   0x200000f8       0x10 build/src/main.o
 .data.car_v_down_list
                0x20000108       0x3c build/src/move_car.o
 .data.car_v_up_list
                0x20000144       0x3c build/src/move_car.o
 .data.car_h_left_list
                0x20000180       0x24 build/src/move_car.o
 .data.car_h_right_list
                0x200001a4       0x24 build/src/move_car.o
 .data.cars_all
                0x200001c8       0x10 build/src/move_car.o
 .data.color_array
                0x200001d8       0x10 build/src/move_car.o
 .data.xNextTaskUnblockTime
                0x200001e8        0x4 build/freertos/tasks.o
 .data.APBAHBPrescTable
                0x200001ec       0x10 build/CORTEX_M4F_STM32F4/Libraries/STM32F4xx_StdPeriph_Driver/src/stm32f4xx_rcc.o
 .data.BUTTON_PORT
                0x200001fc        0x4 build/Utilities/STM32F429I-Discovery/stm32f429i_discovery.o
                0x200001fc                BUTTON_PORT
 .data.IOE_TimeOut
                0x20000200        0x4 build/Utilities/STM32F429I-Discovery/stm32f429i_discovery_ioe.o
                0x20000200                IOE_TimeOut
 .data.Font16x24
                0x20000204        0x8 build/Utilities/STM32F429I-Discovery/stm32f429i_discovery_lcd.o
                0x20000204                Font16x24
 .data.CurrentBackColor
                0x2000020c        0x2 build/Utilities/STM32F429I-Discovery/stm32f429i_discovery_lcd.o
 *fill*         0x2000020e        0x2 
 .data.CurrentFrameBuffer
                0x20000210        0x4 build/Utilities/STM32F429I-Discovery/stm32f429i_discovery_lcd.o
 .data.uxCriticalNesting
                0x20000214        0x4 build/freertos/portable/GCC/ARM_CM4F/port.o
 .data.SystemCoreClock
                0x20000218        0x4 build/CORTEX_M4F_STM32F4/startup/system_stm32f4xx.o
                0x20000218                SystemCoreClock
                0x2000021c                . = ALIGN (0x4)
                0x2000021c                _edata = .
                0x08007f38                _siccmram = LOADADDR (.ccmram)

.jcr            0x2000021c        0x0 load address 0x08007f38
 .jcr           0x2000021c        0x0 /usr/local/csl/arm-2014.05/bin/../lib/gcc/arm-none-eabi/4.8.3/thumb2/crtbegin.o

.tm_clone_table
                0x2000021c        0x0 load address 0x08007f38
 .tm_clone_table
                0x2000021c        0x0 /usr/local/csl/arm-2014.05/bin/../lib/gcc/arm-none-eabi/4.8.3/thumb2/crtbegin.o
 .tm_clone_table
                0x2000021c        0x0 /usr/local/csl/arm-2014.05/bin/../lib/gcc/arm-none-eabi/4.8.3/thumb2/crtend.o

.igot.plt       0x2000021c        0x0 load address 0x08007f38
 .igot.plt      0x00000000        0x0 /usr/local/csl/arm-2014.05/bin/../lib/gcc/arm-none-eabi/4.8.3/thumb2/crtbegin.o

.ccmram         0x10000000        0x0 load address 0x08007f38
                0x10000000                . = ALIGN (0x4)
                0x10000000                _sccmram = .
 *(.ccmram)
 *(.ccmram*)
                0x10000000                . = ALIGN (0x4)
                0x10000000                _eccmram = .
                0x10000000                . = ALIGN (0x4)

.bss            0x2000021c    0x12dc4
                0x2000021c                _sbss = .
                0x2000021c                __bss_start__ = _sbss
 *(.bss)
 .bss           0x2000021c       0x1c /usr/local/csl/arm-2014.05/bin/../lib/gcc/arm-none-eabi/4.8.3/thumb2/crtbegin.o
 *(.bss*)
 .bss.t_queue   0x20000238        0x4 build/src/main.o
                0x20000238                t_queue
 .bss.t_mutex   0x2000023c        0x4 build/src/main.o
                0x2000023c                t_mutex
 .bss.traffic_index
                0x20000240        0x4 build/src/main.o
 .bss.button_change_traffic
                0x20000244        0x4 build/src/main.o
 .bss.xQueueRegistry
                0x20000248       0x40 build/freertos/queue.o
                0x20000248                xQueueRegistry
 .bss.pxCurrentTCB
                0x20000288        0x4 build/freertos/tasks.o
                0x20000288                pxCurrentTCB
 .bss.pxReadyTasksLists
                0x2000028c       0x64 build/freertos/tasks.o
 .bss.xDelayedTaskList1
                0x200002f0       0x14 build/freertos/tasks.o
 .bss.xDelayedTaskList2
                0x20000304       0x14 build/freertos/tasks.o
 .bss.pxDelayedTaskList
                0x20000318        0x4 build/freertos/tasks.o
 .bss.pxOverflowDelayedTaskList
                0x2000031c        0x4 build/freertos/tasks.o
 .bss.xPendingReadyList
                0x20000320       0x14 build/freertos/tasks.o
 .bss.xTasksWaitingTermination
                0x20000334       0x14 build/freertos/tasks.o
 .bss.uxTasksDeleted
                0x20000348        0x4 build/freertos/tasks.o
 .bss.xSuspendedTaskList
                0x2000034c       0x14 build/freertos/tasks.o
 .bss.uxCurrentNumberOfTasks
                0x20000360        0x4 build/freertos/tasks.o
 .bss.xTickCount
                0x20000364        0x4 build/freertos/tasks.o
 .bss.uxTopReadyPriority
                0x20000368        0x4 build/freertos/tasks.o
 .bss.xSchedulerRunning
                0x2000036c        0x4 build/freertos/tasks.o
 .bss.uxPendedTicks
                0x20000370        0x4 build/freertos/tasks.o
 .bss.xYieldPending
                0x20000374        0x4 build/freertos/tasks.o
 .bss.xNumOfOverflows
                0x20000378        0x4 build/freertos/tasks.o
 .bss.uxTaskNumber
                0x2000037c        0x4 build/freertos/tasks.o
 .bss.uxSchedulerSuspended
                0x20000380        0x4 build/freertos/tasks.o
 .bss.xActiveTimerList1
                0x20000384       0x14 build/freertos/timers.o
 .bss.xActiveTimerList2
                0x20000398       0x14 build/freertos/timers.o
 .bss.pxCurrentTimerList
                0x200003ac        0x4 build/freertos/timers.o
 .bss.pxOverflowTimerList
                0x200003b0        0x4 build/freertos/timers.o
 .bss.xTimerQueue
                0x200003b4        0x4 build/freertos/timers.o
 .bss.xLastTime.4802
                0x200003b8        0x4 build/freertos/timers.o
 .bss.TP_State  0x200003bc        0x8 build/Utilities/STM32F429I-Discovery/stm32f429i_discovery_ioe.o
                0x200003bc                TP_State
 .bss.LCD_Currentfonts
                0x200003c4        0x4 build/Utilities/STM32F429I-Discovery/stm32f429i_discovery_lcd.o
 .bss.CurrentTextColor
                0x200003c8        0x2 build/Utilities/STM32F429I-Discovery/stm32f429i_discovery_lcd.o
 *fill*         0x200003ca        0x2 
 .bss.CurrentLayer
                0x200003cc        0x4 build/Utilities/STM32F429I-Discovery/stm32f429i_discovery_lcd.o
 .bss.ucHeap    0x200003d0    0x12c00 build/freertos/portable/MemMang/heap_1.o
 .bss.xNextFreeByte
                0x20012fd0        0x4 build/freertos/portable/MemMang/heap_1.o
 .bss.pucAlignedHeap.4559
                0x20012fd4        0x4 build/freertos/portable/MemMang/heap_1.o
 .bss.ucMaxSysCallPriority
                0x20012fd8        0x1 build/freertos/portable/GCC/ARM_CM4F/port.o
 *fill*         0x20012fd9        0x3 
 .bss.ulMaxPRIGROUPValue
                0x20012fdc        0x4 build/freertos/portable/GCC/ARM_CM4F/port.o
 *(COMMON)
                0x20012fe0                . = ALIGN (0x4)
                0x20012fe0                _ebss = .
                0x20012fe0                __bss_end__ = _ebss

._user_heap_stack
                0x20012fe0      0x400
                0x20012fe0                . = ALIGN (0x4)
                0x20012fe0                PROVIDE (end, .)
                0x20012fe0                PROVIDE (_end, .)
                0x20012fe0                . = (. + _Min_Heap_Size)
                0x200133e0                . = (. + _Min_Stack_Size)
 *fill*         0x20012fe0      0x400 
                0x200133e0                . = ALIGN (0x4)

.memory_b1_text
 *(.mb1text)
 *(.mb1text*)
 *(.mb1rodata)
 *(.mb1rodata*)

/DISCARD/
 libc.a(*)
 libm.a(*)
 libgcc.a(*)

.ARM.attributes
                0x00000000       0x33
 *(.ARM.attributes)
 .ARM.attributes
                0x00000000       0x19 /usr/local/csl/arm-2014.05/bin/../lib/gcc/arm-none-eabi/4.8.3/thumb2/crti.o
 .ARM.attributes
                0x00000019       0x29 /usr/local/csl/arm-2014.05/bin/../lib/gcc/arm-none-eabi/4.8.3/thumb2/crtbegin.o
 .ARM.attributes
                0x00000042       0x33 build/src/draw_graph.o
 .ARM.attributes
                0x00000075       0x33 build/src/main.o
 .ARM.attributes
                0x000000a8       0x33 build/src/move_car.o
 .ARM.attributes
                0x000000db       0x33 build/freertos/list.o
 .ARM.attributes
                0x0000010e       0x33 build/freertos/queue.o
 .ARM.attributes
                0x00000141       0x33 build/freertos/tasks.o
 .ARM.attributes
                0x00000174       0x33 build/freertos/timers.o
 .ARM.attributes
                0x000001a7       0x33 build/CORTEX_M4F_STM32F4/Libraries/STM32F4xx_StdPeriph_Driver/src/misc.o
 .ARM.attributes
                0x000001da       0x33 build/CORTEX_M4F_STM32F4/Libraries/STM32F4xx_StdPeriph_Driver/src/stm32f4xx_dma2d.o
 .ARM.attributes
                0x0000020d       0x33 build/CORTEX_M4F_STM32F4/Libraries/STM32F4xx_StdPeriph_Driver/src/stm32f4xx_exti.o
 .ARM.attributes
                0x00000240       0x33 build/CORTEX_M4F_STM32F4/Libraries/STM32F4xx_StdPeriph_Driver/src/stm32f4xx_fmc.o
 .ARM.attributes
                0x00000273       0x33 build/CORTEX_M4F_STM32F4/Libraries/STM32F4xx_StdPeriph_Driver/src/stm32f4xx_gpio.o
 .ARM.attributes
                0x000002a6       0x33 build/CORTEX_M4F_STM32F4/Libraries/STM32F4xx_StdPeriph_Driver/src/stm32f4xx_i2c.o
 .ARM.attributes
                0x000002d9       0x33 build/CORTEX_M4F_STM32F4/Libraries/STM32F4xx_StdPeriph_Driver/src/stm32f4xx_ltdc.o
 .ARM.attributes
                0x0000030c       0x33 build/CORTEX_M4F_STM32F4/Libraries/STM32F4xx_StdPeriph_Driver/src/stm32f4xx_rcc.o
 .ARM.attributes
                0x0000033f       0x33 build/CORTEX_M4F_STM32F4/Libraries/STM32F4xx_StdPeriph_Driver/src/stm32f4xx_rng.o
 .ARM.attributes
                0x00000372       0x33 build/CORTEX_M4F_STM32F4/Libraries/STM32F4xx_StdPeriph_Driver/src/stm32f4xx_spi.o
 .ARM.attributes
                0x000003a5       0x33 build/CORTEX_M4F_STM32F4/Libraries/STM32F4xx_StdPeriph_Driver/src/stm32f4xx_syscfg.o
 .ARM.attributes
                0x000003d8       0x33 build/Utilities/STM32F429I-Discovery/stm32f429i_discovery.o
 .ARM.attributes
                0x0000040b       0x33 build/Utilities/STM32F429I-Discovery/stm32f429i_discovery_ioe.o
 .ARM.attributes
                0x0000043e       0x33 build/Utilities/STM32F429I-Discovery/stm32f429i_discovery_lcd.o
 .ARM.attributes
                0x00000471       0x33 build/Utilities/STM32F429I-Discovery/stm32f429i_discovery_sdram.o
 .ARM.attributes
                0x000004a4       0x33 build/freertos/portable/MemMang/heap_1.o
 .ARM.attributes
                0x000004d7       0x33 build/freertos/portable/GCC/ARM_CM4F/port.o
 .ARM.attributes
                0x0000050a       0x20 build/CORTEX_M4F_STM32F4/startup_stm32f429_439xx.o
 .ARM.attributes
                0x0000052a       0x33 build/CORTEX_M4F_STM32F4/startup/system_stm32f4xx.o
 .ARM.attributes
                0x0000055d       0x29 /usr/local/csl/arm-2014.05/bin/../lib/gcc/arm-none-eabi/4.8.3/../../../../arm-none-eabi/lib/thumb2/libc.a(lib_a-memcpy-stub.o)
 .ARM.attributes
                0x00000586       0x29 /usr/local/csl/arm-2014.05/bin/../lib/gcc/arm-none-eabi/4.8.3/../../../../arm-none-eabi/lib/thumb2/libc.a(lib_a-memset.o)
 .ARM.attributes
                0x000005af       0x29 /usr/local/csl/arm-2014.05/bin/../lib/gcc/arm-none-eabi/4.8.3/thumb2/crtend.o
 .ARM.attributes
                0x000005d8       0x19 /usr/local/csl/arm-2014.05/bin/../lib/gcc/arm-none-eabi/4.8.3/thumb2/crtn.o
OUTPUT(build/VFS.elf elf32-littlearm)

.debug_info     0x00000000     0xcafe
 .debug_info    0x00000000      0x28f build/src/draw_graph.o
 .debug_info    0x0000028f      0x30e build/src/main.o
 .debug_info    0x0000059d      0x580 build/src/move_car.o
 .debug_info    0x00000b1d      0x296 build/freertos/list.o
 .debug_info    0x00000db3      0xb8e build/freertos/queue.o
 .debug_info    0x00001941     0x1190 build/freertos/tasks.o
 .debug_info    0x00002ad1      0x79b build/freertos/timers.o
 .debug_info    0x0000326c      0x524 build/CORTEX_M4F_STM32F4/Libraries/STM32F4xx_StdPeriph_Driver/src/misc.o
 .debug_info    0x00003790      0x80b build/CORTEX_M4F_STM32F4/Libraries/STM32F4xx_StdPeriph_Driver/src/stm32f4xx_dma2d.o
 .debug_info    0x00003f9b      0x32a build/CORTEX_M4F_STM32F4/Libraries/STM32F4xx_StdPeriph_Driver/src/stm32f4xx_exti.o
 .debug_info    0x000042c5      0xc78 build/CORTEX_M4F_STM32F4/Libraries/STM32F4xx_StdPeriph_Driver/src/stm32f4xx_fmc.o
 .debug_info    0x00004f3d      0x5e1 build/CORTEX_M4F_STM32F4/Libraries/STM32F4xx_StdPeriph_Driver/src/stm32f4xx_gpio.o
 .debug_info    0x0000551e      0xb63 build/CORTEX_M4F_STM32F4/Libraries/STM32F4xx_StdPeriph_Driver/src/stm32f4xx_i2c.o
 .debug_info    0x00006081      0xcd4 build/CORTEX_M4F_STM32F4/Libraries/STM32F4xx_StdPeriph_Driver/src/stm32f4xx_ltdc.o
 .debug_info    0x00006d55      0xded build/CORTEX_M4F_STM32F4/Libraries/STM32F4xx_StdPeriph_Driver/src/stm32f4xx_rcc.o
 .debug_info    0x00007b42      0x266 build/CORTEX_M4F_STM32F4/Libraries/STM32F4xx_StdPeriph_Driver/src/stm32f4xx_rng.o
 .debug_info    0x00007da8      0xafd build/CORTEX_M4F_STM32F4/Libraries/STM32F4xx_StdPeriph_Driver/src/stm32f4xx_spi.o
 .debug_info    0x000088a5      0x277 build/CORTEX_M4F_STM32F4/Libraries/STM32F4xx_StdPeriph_Driver/src/stm32f4xx_syscfg.o
 .debug_info    0x00008b1c      0xb6b build/Utilities/STM32F429I-Discovery/stm32f429i_discovery.o
 .debug_info    0x00009687      0xb90 build/Utilities/STM32F429I-Discovery/stm32f429i_discovery_ioe.o
 .debug_info    0x0000a217     0x18f7 build/Utilities/STM32F429I-Discovery/stm32f429i_discovery_lcd.o
 .debug_info    0x0000bb0e      0x551 build/Utilities/STM32F429I-Discovery/stm32f429i_discovery_sdram.o
 .debug_info    0x0000c05f      0x16c build/freertos/portable/MemMang/heap_1.o
 .debug_info    0x0000c1cb      0x323 build/freertos/portable/GCC/ARM_CM4F/port.o
 .debug_info    0x0000c4ee       0x7b build/CORTEX_M4F_STM32F4/startup_stm32f429_439xx.o
 .debug_info    0x0000c569      0x595 build/CORTEX_M4F_STM32F4/startup/system_stm32f4xx.o

.debug_abbrev   0x00000000     0x25e3
 .debug_abbrev  0x00000000      0x111 build/src/draw_graph.o
 .debug_abbrev  0x00000111      0x115 build/src/main.o
 .debug_abbrev  0x00000226      0x196 build/src/move_car.o
 .debug_abbrev  0x000003bc       0xc1 build/freertos/list.o
 .debug_abbrev  0x0000047d      0x1bd build/freertos/queue.o
 .debug_abbrev  0x0000063a      0x229 build/freertos/tasks.o
 .debug_abbrev  0x00000863      0x18b build/freertos/timers.o
 .debug_abbrev  0x000009ee      0x14a build/CORTEX_M4F_STM32F4/Libraries/STM32F4xx_StdPeriph_Driver/src/misc.o
 .debug_abbrev  0x00000b38      0x1ab build/CORTEX_M4F_STM32F4/Libraries/STM32F4xx_StdPeriph_Driver/src/stm32f4xx_dma2d.o
 .debug_abbrev  0x00000ce3      0x1aa build/CORTEX_M4F_STM32F4/Libraries/STM32F4xx_StdPeriph_Driver/src/stm32f4xx_exti.o
 .debug_abbrev  0x00000e8d      0x184 build/CORTEX_M4F_STM32F4/Libraries/STM32F4xx_StdPeriph_Driver/src/stm32f4xx_fmc.o
 .debug_abbrev  0x00001011      0x1a8 build/CORTEX_M4F_STM32F4/Libraries/STM32F4xx_StdPeriph_Driver/src/stm32f4xx_gpio.o
 .debug_abbrev  0x000011b9      0x169 build/CORTEX_M4F_STM32F4/Libraries/STM32F4xx_StdPeriph_Driver/src/stm32f4xx_i2c.o
 .debug_abbrev  0x00001322      0x193 build/CORTEX_M4F_STM32F4/Libraries/STM32F4xx_StdPeriph_Driver/src/stm32f4xx_ltdc.o
 .debug_abbrev  0x000014b5      0x1bf build/CORTEX_M4F_STM32F4/Libraries/STM32F4xx_StdPeriph_Driver/src/stm32f4xx_rcc.o
 .debug_abbrev  0x00001674      0x149 build/CORTEX_M4F_STM32F4/Libraries/STM32F4xx_StdPeriph_Driver/src/stm32f4xx_rng.o
 .debug_abbrev  0x000017bd      0x16c build/CORTEX_M4F_STM32F4/Libraries/STM32F4xx_StdPeriph_Driver/src/stm32f4xx_spi.o
 .debug_abbrev  0x00001929      0x136 build/CORTEX_M4F_STM32F4/Libraries/STM32F4xx_StdPeriph_Driver/src/stm32f4xx_syscfg.o
 .debug_abbrev  0x00001a5f      0x1c0 build/Utilities/STM32F429I-Discovery/stm32f429i_discovery.o
 .debug_abbrev  0x00001c1f      0x22c build/Utilities/STM32F429I-Discovery/stm32f429i_discovery_ioe.o
 .debug_abbrev  0x00001e4b      0x254 build/Utilities/STM32F429I-Discovery/stm32f429i_discovery_lcd.o
 .debug_abbrev  0x0000209f      0x166 build/Utilities/STM32F429I-Discovery/stm32f429i_discovery_sdram.o
 .debug_abbrev  0x00002205       0xf1 build/freertos/portable/MemMang/heap_1.o
 .debug_abbrev  0x000022f6      0x1a0 build/freertos/portable/GCC/ARM_CM4F/port.o
 .debug_abbrev  0x00002496       0x12 build/CORTEX_M4F_STM32F4/startup_stm32f429_439xx.o
 .debug_abbrev  0x000024a8      0x13b build/CORTEX_M4F_STM32F4/startup/system_stm32f4xx.o

.debug_aranges  0x00000000     0x10b8
 .debug_aranges
                0x00000000       0x30 build/src/draw_graph.o
 .debug_aranges
                0x00000030       0x48 build/src/main.o
 .debug_aranges
                0x00000078       0x58 build/src/move_car.o
 .debug_aranges
                0x000000d0       0x40 build/freertos/list.o
 .debug_aranges
                0x00000110       0xf8 build/freertos/queue.o
 .debug_aranges
                0x00000208      0x180 build/freertos/tasks.o
 .debug_aranges
                0x00000388       0x88 build/freertos/timers.o
 .debug_aranges
                0x00000410       0x40 build/CORTEX_M4F_STM32F4/Libraries/STM32F4xx_StdPeriph_Driver/src/misc.o
 .debug_aranges
                0x00000450       0xb0 build/CORTEX_M4F_STM32F4/Libraries/STM32F4xx_StdPeriph_Driver/src/stm32f4xx_dma2d.o
 .debug_aranges
                0x00000500       0x58 build/CORTEX_M4F_STM32F4/Libraries/STM32F4xx_StdPeriph_Driver/src/stm32f4xx_exti.o
 .debug_aranges
                0x00000558       0xf0 build/CORTEX_M4F_STM32F4/Libraries/STM32F4xx_StdPeriph_Driver/src/stm32f4xx_fmc.o
 .debug_aranges
                0x00000648       0x88 build/CORTEX_M4F_STM32F4/Libraries/STM32F4xx_StdPeriph_Driver/src/stm32f4xx_gpio.o
 .debug_aranges
                0x000006d0      0x130 build/CORTEX_M4F_STM32F4/Libraries/STM32F4xx_StdPeriph_Driver/src/stm32f4xx_i2c.o
 .debug_aranges
                0x00000800      0x108 build/CORTEX_M4F_STM32F4/Libraries/STM32F4xx_StdPeriph_Driver/src/stm32f4xx_ltdc.o
 .debug_aranges
                0x00000908      0x1b8 build/CORTEX_M4F_STM32F4/Libraries/STM32F4xx_StdPeriph_Driver/src/stm32f4xx_rcc.o
 .debug_aranges
                0x00000ac0       0x58 build/CORTEX_M4F_STM32F4/Libraries/STM32F4xx_StdPeriph_Driver/src/stm32f4xx_rng.o
 .debug_aranges
                0x00000b18       0xe0 build/CORTEX_M4F_STM32F4/Libraries/STM32F4xx_StdPeriph_Driver/src/stm32f4xx_spi.o
 .debug_aranges
                0x00000bf8       0x50 build/CORTEX_M4F_STM32F4/Libraries/STM32F4xx_StdPeriph_Driver/src/stm32f4xx_syscfg.o
 .debug_aranges
                0x00000c48       0x60 build/Utilities/STM32F429I-Discovery/stm32f429i_discovery.o
 .debug_aranges
                0x00000ca8       0xf0 build/Utilities/STM32F429I-Discovery/stm32f429i_discovery_ioe.o
 .debug_aranges
                0x00000d98      0x1b0 build/Utilities/STM32F429I-Discovery/stm32f429i_discovery_lcd.o
 .debug_aranges
                0x00000f48       0x48 build/Utilities/STM32F429I-Discovery/stm32f429i_discovery_sdram.o
 .debug_aranges
                0x00000f90       0x38 build/freertos/portable/MemMang/heap_1.o
 .debug_aranges
                0x00000fc8       0x98 build/freertos/portable/GCC/ARM_CM4F/port.o
 .debug_aranges
                0x00001060       0x28 build/CORTEX_M4F_STM32F4/startup_stm32f429_439xx.o
 .debug_aranges
                0x00001088       0x30 build/CORTEX_M4F_STM32F4/startup/system_stm32f4xx.o

.debug_ranges   0x00000000      0xf20
 .debug_ranges  0x00000000       0x20 build/src/draw_graph.o
 .debug_ranges  0x00000020       0x38 build/src/main.o
 .debug_ranges  0x00000058       0x48 build/src/move_car.o
 .debug_ranges  0x000000a0       0x30 build/freertos/list.o
 .debug_ranges  0x000000d0       0xe8 build/freertos/queue.o
 .debug_ranges  0x000001b8      0x170 build/freertos/tasks.o
 .debug_ranges  0x00000328       0x78 build/freertos/timers.o
 .debug_ranges  0x000003a0       0x30 build/CORTEX_M4F_STM32F4/Libraries/STM32F4xx_StdPeriph_Driver/src/misc.o
 .debug_ranges  0x000003d0       0xa0 build/CORTEX_M4F_STM32F4/Libraries/STM32F4xx_StdPeriph_Driver/src/stm32f4xx_dma2d.o
 .debug_ranges  0x00000470       0x48 build/CORTEX_M4F_STM32F4/Libraries/STM32F4xx_StdPeriph_Driver/src/stm32f4xx_exti.o
 .debug_ranges  0x000004b8       0xe0 build/CORTEX_M4F_STM32F4/Libraries/STM32F4xx_StdPeriph_Driver/src/stm32f4xx_fmc.o
 .debug_ranges  0x00000598       0x78 build/CORTEX_M4F_STM32F4/Libraries/STM32F4xx_StdPeriph_Driver/src/stm32f4xx_gpio.o
 .debug_ranges  0x00000610      0x120 build/CORTEX_M4F_STM32F4/Libraries/STM32F4xx_StdPeriph_Driver/src/stm32f4xx_i2c.o
 .debug_ranges  0x00000730       0xf8 build/CORTEX_M4F_STM32F4/Libraries/STM32F4xx_StdPeriph_Driver/src/stm32f4xx_ltdc.o
 .debug_ranges  0x00000828      0x1a8 build/CORTEX_M4F_STM32F4/Libraries/STM32F4xx_StdPeriph_Driver/src/stm32f4xx_rcc.o
 .debug_ranges  0x000009d0       0x48 build/CORTEX_M4F_STM32F4/Libraries/STM32F4xx_StdPeriph_Driver/src/stm32f4xx_rng.o
 .debug_ranges  0x00000a18       0xd0 build/CORTEX_M4F_STM32F4/Libraries/STM32F4xx_StdPeriph_Driver/src/stm32f4xx_spi.o
 .debug_ranges  0x00000ae8       0x40 build/CORTEX_M4F_STM32F4/Libraries/STM32F4xx_StdPeriph_Driver/src/stm32f4xx_syscfg.o
 .debug_ranges  0x00000b28       0x50 build/Utilities/STM32F429I-Discovery/stm32f429i_discovery.o
 .debug_ranges  0x00000b78       0xe0 build/Utilities/STM32F429I-Discovery/stm32f429i_discovery_ioe.o
 .debug_ranges  0x00000c58      0x1a0 build/Utilities/STM32F429I-Discovery/stm32f429i_discovery_lcd.o
 .debug_ranges  0x00000df8       0x38 build/Utilities/STM32F429I-Discovery/stm32f429i_discovery_sdram.o
 .debug_ranges  0x00000e30       0x28 build/freertos/portable/MemMang/heap_1.o
 .debug_ranges  0x00000e58       0x88 build/freertos/portable/GCC/ARM_CM4F/port.o
 .debug_ranges  0x00000ee0       0x20 build/CORTEX_M4F_STM32F4/startup_stm32f429_439xx.o
 .debug_ranges  0x00000f00       0x20 build/CORTEX_M4F_STM32F4/startup/system_stm32f4xx.o

.debug_macro    0x00000000    0x15bec
 .debug_macro   0x00000000      0x314 build/src/draw_graph.o
 .debug_macro   0x00000314      0x886 build/src/draw_graph.o
 .debug_macro   0x00000b9a       0x52 build/src/draw_graph.o
 .debug_macro   0x00000bec       0x16 build/src/draw_graph.o
 .debug_macro   0x00000c02       0x35 build/src/draw_graph.o
 .debug_macro   0x00000c37       0xa3 build/src/draw_graph.o
 .debug_macro   0x00000cda       0x16 build/src/draw_graph.o
 .debug_macro   0x00000cf0       0x97 build/src/draw_graph.o
 .debug_macro   0x00000d87       0x10 build/src/draw_graph.o
 .debug_macro   0x00000d97       0x3a build/src/draw_graph.o
 .debug_macro   0x00000dd1       0x52 build/src/draw_graph.o
 .debug_macro   0x00000e23       0x16 build/src/draw_graph.o
 .debug_macro   0x00000e39       0x19 build/src/draw_graph.o
 .debug_macro   0x00000e52      0x19c build/src/draw_graph.o
 .debug_macro   0x00000fee       0x10 build/src/draw_graph.o
 .debug_macro   0x00000ffe       0xef build/src/draw_graph.o
 .debug_macro   0x000010ed       0x22 build/src/draw_graph.o
 .debug_macro   0x0000110f       0xbd build/src/draw_graph.o
 .debug_macro   0x000011cc       0x16 build/src/draw_graph.o
 .debug_macro   0x000011e2      0x139 build/src/draw_graph.o
 .debug_macro   0x0000131b       0x64 build/src/draw_graph.o
 .debug_macro   0x0000137f       0x3b build/src/draw_graph.o
 .debug_macro   0x000013ba      0x214 build/src/draw_graph.o
 .debug_macro   0x000015ce       0x2d build/src/draw_graph.o
 .debug_macro   0x000015fb       0x42 build/src/draw_graph.o
 .debug_macro   0x0000163d      0xd39 build/src/draw_graph.o
 .debug_macro   0x00002376     0x901e build/src/draw_graph.o
 .debug_macro   0x0000b394       0x16 build/src/draw_graph.o
 .debug_macro   0x0000b3aa      0x44f build/src/draw_graph.o
 .debug_macro   0x0000b7f9      0x3cf build/src/draw_graph.o
 .debug_macro   0x0000bbc8      0x144 build/src/draw_graph.o
 .debug_macro   0x0000bd0c      0x188 build/src/draw_graph.o
 .debug_macro   0x0000be94       0xb2 build/src/draw_graph.o
 .debug_macro   0x0000bf46      0x149 build/src/draw_graph.o
 .debug_macro   0x0000c08f      0x477 build/src/draw_graph.o
 .debug_macro   0x0000c506       0xae build/src/draw_graph.o
 .debug_macro   0x0000c5b4      0x41c build/src/draw_graph.o
 .debug_macro   0x0000c9d0      0x23a build/src/draw_graph.o
 .debug_macro   0x0000cc0a      0x21e build/src/draw_graph.o
 .debug_macro   0x0000ce28      0x478 build/src/draw_graph.o
 .debug_macro   0x0000d2a0       0xc3 build/src/draw_graph.o
 .debug_macro   0x0000d363      0x2bc build/src/draw_graph.o
 .debug_macro   0x0000d61f      0x2bb build/src/draw_graph.o
 .debug_macro   0x0000d8da       0x64 build/src/draw_graph.o
 .debug_macro   0x0000d93e       0xe7 build/src/draw_graph.o
 .debug_macro   0x0000da25      0x62f build/src/draw_graph.o
 .debug_macro   0x0000e054       0x40 build/src/draw_graph.o
 .debug_macro   0x0000e094      0x57b build/src/draw_graph.o
 .debug_macro   0x0000e60f      0x342 build/src/draw_graph.o
 .debug_macro   0x0000e951      0x36c build/src/draw_graph.o
 .debug_macro   0x0000ecbd       0xf7 build/src/draw_graph.o
 .debug_macro   0x0000edb4      0x73b build/src/draw_graph.o
 .debug_macro   0x0000f4ef      0x223 build/src/draw_graph.o
 .debug_macro   0x0000f712       0x34 build/src/draw_graph.o
 .debug_macro   0x0000f746       0x82 build/src/draw_graph.o
 .debug_macro   0x0000f7c8       0x35 build/src/draw_graph.o
 .debug_macro   0x0000f7fd      0x175 build/src/draw_graph.o
 .debug_macro   0x0000f972       0x70 build/src/draw_graph.o
 .debug_macro   0x0000f9e2       0x10 build/src/draw_graph.o
 .debug_macro   0x0000f9f2      0x303 build/src/draw_graph.o
 .debug_macro   0x0000fcf5      0x37c build/src/draw_graph.o
 .debug_macro   0x00010071       0x40 build/src/draw_graph.o
 .debug_macro   0x000100b1      0x10f build/src/draw_graph.o
 .debug_macro   0x000101c0       0xb6 build/src/draw_graph.o
 .debug_macro   0x00010276       0x12 build/src/draw_graph.o
 .debug_macro   0x00010288       0x1f build/src/draw_graph.o
 .debug_macro   0x000102a7      0x34c build/src/draw_graph.o
 .debug_macro   0x000105f3       0x79 build/src/draw_graph.o
 .debug_macro   0x0001066c       0x69 build/src/draw_graph.o
 .debug_macro   0x000106d5       0xbe build/src/draw_graph.o
 .debug_macro   0x00010793      0x3af build/src/main.o
 .debug_macro   0x00010b42       0xde build/src/main.o
 .debug_macro   0x00010c20       0x1c build/src/main.o
 .debug_macro   0x00010c3c       0x16 build/src/main.o
 .debug_macro   0x00010c52       0x35 build/src/main.o
 .debug_macro   0x00010c87       0x1c build/src/main.o
 .debug_macro   0x00010ca3      0x29f build/src/main.o
 .debug_macro   0x00010f42       0x10 build/src/main.o
 .debug_macro   0x00010f52       0xb0 build/src/main.o
 .debug_macro   0x00011002       0x4c build/src/main.o
 .debug_macro   0x0001104e       0x7e build/src/main.o
 .debug_macro   0x000110cc      0x357 build/src/move_car.o
 .debug_macro   0x00011423      0x12c build/freertos/list.o
 .debug_macro   0x0001154f      0x1b7 build/freertos/queue.o
 .debug_macro   0x00011706      0x1fa build/freertos/tasks.o
 .debug_macro   0x00011900       0x16 build/freertos/tasks.o
 .debug_macro   0x00011916      0x169 build/freertos/timers.o
 .debug_macro   0x00011a7f      0x1d8 build/CORTEX_M4F_STM32F4/Libraries/STM32F4xx_StdPeriph_Driver/src/misc.o
 .debug_macro   0x00011c57       0x7c build/CORTEX_M4F_STM32F4/Libraries/STM32F4xx_StdPeriph_Driver/src/misc.o
 .debug_macro   0x00011cd3      0x1e4 build/CORTEX_M4F_STM32F4/Libraries/STM32F4xx_StdPeriph_Driver/src/stm32f4xx_dma2d.o
 .debug_macro   0x00011eb7      0x218 build/CORTEX_M4F_STM32F4/Libraries/STM32F4xx_StdPeriph_Driver/src/stm32f4xx_dma2d.o
 .debug_macro   0x000120cf      0x1d8 build/CORTEX_M4F_STM32F4/Libraries/STM32F4xx_StdPeriph_Driver/src/stm32f4xx_exti.o
 .debug_macro   0x000122a7       0xa8 build/CORTEX_M4F_STM32F4/Libraries/STM32F4xx_StdPeriph_Driver/src/stm32f4xx_exti.o
 .debug_macro   0x0001234f      0x21a build/CORTEX_M4F_STM32F4/Libraries/STM32F4xx_StdPeriph_Driver/src/stm32f4xx_fmc.o
 .debug_macro   0x00012569      0x472 build/CORTEX_M4F_STM32F4/Libraries/STM32F4xx_StdPeriph_Driver/src/stm32f4xx_fmc.o
 .debug_macro   0x000129db      0x1d2 build/CORTEX_M4F_STM32F4/Libraries/STM32F4xx_StdPeriph_Driver/src/stm32f4xx_gpio.o
 .debug_macro   0x00012bad      0x2b6 build/CORTEX_M4F_STM32F4/Libraries/STM32F4xx_StdPeriph_Driver/src/stm32f4xx_gpio.o
 .debug_macro   0x00012e63      0x1e4 build/CORTEX_M4F_STM32F4/Libraries/STM32F4xx_StdPeriph_Driver/src/stm32f4xx_i2c.o
 .debug_macro   0x00013047      0x2b5 build/CORTEX_M4F_STM32F4/Libraries/STM32F4xx_StdPeriph_Driver/src/stm32f4xx_i2c.o
 .debug_macro   0x000132fc      0x1d8 build/CORTEX_M4F_STM32F4/Libraries/STM32F4xx_StdPeriph_Driver/src/stm32f4xx_ltdc.o
 .debug_macro   0x000134d4      0x234 build/CORTEX_M4F_STM32F4/Libraries/STM32F4xx_StdPeriph_Driver/src/stm32f4xx_ltdc.o
 .debug_macro   0x00013708      0x29c build/CORTEX_M4F_STM32F4/Libraries/STM32F4xx_StdPeriph_Driver/src/stm32f4xx_rcc.o
 .debug_macro   0x000139a4      0x629 build/CORTEX_M4F_STM32F4/Libraries/STM32F4xx_StdPeriph_Driver/src/stm32f4xx_rcc.o
 .debug_macro   0x00013fcd      0x1d2 build/CORTEX_M4F_STM32F4/Libraries/STM32F4xx_StdPeriph_Driver/src/stm32f4xx_rng.o
 .debug_macro   0x0001419f       0x3a build/CORTEX_M4F_STM32F4/Libraries/STM32F4xx_StdPeriph_Driver/src/stm32f4xx_rng.o
 .debug_macro   0x000141d9      0x1fd build/CORTEX_M4F_STM32F4/Libraries/STM32F4xx_StdPeriph_Driver/src/stm32f4xx_spi.o
 .debug_macro   0x000143d6      0x366 build/CORTEX_M4F_STM32F4/Libraries/STM32F4xx_StdPeriph_Driver/src/stm32f4xx_spi.o
 .debug_macro   0x0001473c      0x20e build/CORTEX_M4F_STM32F4/Libraries/STM32F4xx_StdPeriph_Driver/src/stm32f4xx_syscfg.o
 .debug_macro   0x0001494a       0xf1 build/CORTEX_M4F_STM32F4/Libraries/STM32F4xx_StdPeriph_Driver/src/stm32f4xx_syscfg.o
 .debug_macro   0x00014a3b      0x1d7 build/Utilities/STM32F429I-Discovery/stm32f429i_discovery.o
 .debug_macro   0x00014c12      0x1ec build/Utilities/STM32F429I-Discovery/stm32f429i_discovery_ioe.o
 .debug_macro   0x00014dfe      0x376 build/Utilities/STM32F429I-Discovery/stm32f429i_discovery_ioe.o
 .debug_macro   0x00015174      0x20c build/Utilities/STM32F429I-Discovery/stm32f429i_discovery_lcd.o
 .debug_macro   0x00015380      0x17b build/Utilities/STM32F429I-Discovery/stm32f429i_discovery_lcd.o
 .debug_macro   0x000154fb      0x1d7 build/Utilities/STM32F429I-Discovery/stm32f429i_discovery_sdram.o
 .debug_macro   0x000156d2       0x6a build/Utilities/STM32F429I-Discovery/stm32f429i_discovery_sdram.o
 .debug_macro   0x0001573c      0x14d build/freertos/portable/MemMang/heap_1.o
 .debug_macro   0x00015889      0x178 build/freertos/portable/GCC/ARM_CM4F/port.o
 .debug_macro   0x00015a01      0x1eb build/CORTEX_M4F_STM32F4/startup/system_stm32f4xx.o

.debug_line     0x00000000     0xb405
 .debug_line    0x00000000      0x787 build/src/draw_graph.o
 .debug_line    0x00000787      0x883 build/src/main.o
 .debug_line    0x0000100a      0x8ab build/src/move_car.o
 .debug_line    0x000018b5      0x321 build/freertos/list.o
 .debug_line    0x00001bd6      0x87d build/freertos/queue.o
 .debug_line    0x00002453      0xb57 build/freertos/tasks.o
 .debug_line    0x00002faa      0x4b1 build/freertos/timers.o
 .debug_line    0x0000345b      0x581 build/CORTEX_M4F_STM32F4/Libraries/STM32F4xx_StdPeriph_Driver/src/misc.o
 .debug_line    0x000039dc      0x70a build/CORTEX_M4F_STM32F4/Libraries/STM32F4xx_StdPeriph_Driver/src/stm32f4xx_dma2d.o
 .debug_line    0x000040e6      0x5ce build/CORTEX_M4F_STM32F4/Libraries/STM32F4xx_StdPeriph_Driver/src/stm32f4xx_exti.o
 .debug_line    0x000046b4      0x8a4 build/CORTEX_M4F_STM32F4/Libraries/STM32F4xx_StdPeriph_Driver/src/stm32f4xx_fmc.o
 .debug_line    0x00004f58      0x677 build/CORTEX_M4F_STM32F4/Libraries/STM32F4xx_StdPeriph_Driver/src/stm32f4xx_gpio.o
 .debug_line    0x000055cf      0x826 build/CORTEX_M4F_STM32F4/Libraries/STM32F4xx_StdPeriph_Driver/src/stm32f4xx_i2c.o
 .debug_line    0x00005df5      0x835 build/CORTEX_M4F_STM32F4/Libraries/STM32F4xx_StdPeriph_Driver/src/stm32f4xx_ltdc.o
 .debug_line    0x0000662a      0x976 build/CORTEX_M4F_STM32F4/Libraries/STM32F4xx_StdPeriph_Driver/src/stm32f4xx_rcc.o
 .debug_line    0x00006fa0      0x5bb build/CORTEX_M4F_STM32F4/Libraries/STM32F4xx_StdPeriph_Driver/src/stm32f4xx_rng.o
 .debug_line    0x0000755b      0x78e build/CORTEX_M4F_STM32F4/Libraries/STM32F4xx_StdPeriph_Driver/src/stm32f4xx_spi.o
 .debug_line    0x00007ce9      0x5a9 build/CORTEX_M4F_STM32F4/Libraries/STM32F4xx_StdPeriph_Driver/src/stm32f4xx_syscfg.o
 .debug_line    0x00008292      0x62a build/Utilities/STM32F429I-Discovery/stm32f429i_discovery.o
 .debug_line    0x000088bc      0xa81 build/Utilities/STM32F429I-Discovery/stm32f429i_discovery_ioe.o
 .debug_line    0x0000933d      0xd53 build/Utilities/STM32F429I-Discovery/stm32f429i_discovery_lcd.o
 .debug_line    0x0000a090      0x67f build/Utilities/STM32F429I-Discovery/stm32f429i_discovery_sdram.o
 .debug_line    0x0000a70f      0x31f build/freertos/portable/MemMang/heap_1.o
 .debug_line    0x0000aa2e      0x3cd build/freertos/portable/GCC/ARM_CM4F/port.o
 .debug_line    0x0000adfb       0x88 build/CORTEX_M4F_STM32F4/startup_stm32f429_439xx.o
 .debug_line    0x0000ae83      0x582 build/CORTEX_M4F_STM32F4/startup/system_stm32f4xx.o

.debug_str      0x00000000    0x73701
 .debug_str     0x00000000    0x69292 build/src/draw_graph.o
                              0x69511 (size before relaxing)
 .debug_str     0x00069292     0x2b07 build/src/main.o
                              0x6bf86 (size before relaxing)
 .debug_str     0x0006bd99      0x1a3 build/src/move_car.o
                              0x6a313 (size before relaxing)
 .debug_str     0x0006bf3c      0x138 build/freertos/list.o
                               0x7051 (size before relaxing)
 .debug_str     0x0006c074      0x71a build/freertos/queue.o
                               0x93f1 (size before relaxing)
 .debug_str     0x0006c78e     0x1602 build/freertos/tasks.o
                               0x998c (size before relaxing)
 .debug_str     0x0006dd90      0x386 build/freertos/timers.o
                               0x89a9 (size before relaxing)
 .debug_str     0x0006e116      0x297 build/CORTEX_M4F_STM32F4/Libraries/STM32F4xx_StdPeriph_Driver/src/misc.o
                              0x62817 (size before relaxing)
 .debug_str     0x0006e3ad      0x606 build/CORTEX_M4F_STM32F4/Libraries/STM32F4xx_StdPeriph_Driver/src/stm32f4xx_dma2d.o
                              0x62bc1 (size before relaxing)
 .debug_str     0x0006e9b3      0x1f2 build/CORTEX_M4F_STM32F4/Libraries/STM32F4xx_StdPeriph_Driver/src/stm32f4xx_exti.o
                              0x62797 (size before relaxing)
 .debug_str     0x0006eba5      0xab4 build/CORTEX_M4F_STM32F4/Libraries/STM32F4xx_StdPeriph_Driver/src/stm32f4xx_fmc.o
                              0x63075 (size before relaxing)
 .debug_str     0x0006f659      0x2d4 build/CORTEX_M4F_STM32F4/Libraries/STM32F4xx_StdPeriph_Driver/src/stm32f4xx_gpio.o
                              0x628b4 (size before relaxing)
 .debug_str     0x0006f92d      0x518 build/CORTEX_M4F_STM32F4/Libraries/STM32F4xx_StdPeriph_Driver/src/stm32f4xx_i2c.o
                              0x62b2a (size before relaxing)
 .debug_str     0x0006fe45      0x82d build/CORTEX_M4F_STM32F4/Libraries/STM32F4xx_StdPeriph_Driver/src/stm32f4xx_ltdc.o
                              0x62e5c (size before relaxing)
 .debug_str     0x00070672      0xce0 build/CORTEX_M4F_STM32F4/Libraries/STM32F4xx_StdPeriph_Driver/src/stm32f4xx_rcc.o
                              0x63378 (size before relaxing)
 .debug_str     0x00071352       0xe2 build/CORTEX_M4F_STM32F4/Libraries/STM32F4xx_StdPeriph_Driver/src/stm32f4xx_rng.o
                              0x62698 (size before relaxing)
 .debug_str     0x00071434      0x3d9 build/CORTEX_M4F_STM32F4/Libraries/STM32F4xx_StdPeriph_Driver/src/stm32f4xx_spi.o
                              0x62b8b (size before relaxing)
 .debug_str     0x0007180d      0x364 build/CORTEX_M4F_STM32F4/Libraries/STM32F4xx_StdPeriph_Driver/src/stm32f4xx_syscfg.o
                              0x6291a (size before relaxing)
 .debug_str     0x00071b71      0x840 build/Utilities/STM32F429I-Discovery/stm32f429i_discovery.o
                              0x63844 (size before relaxing)
 .debug_str     0x000723b1      0x315 build/Utilities/STM32F429I-Discovery/stm32f429i_discovery_ioe.o
                              0x63efe (size before relaxing)
 .debug_str     0x000726c6      0x60f build/Utilities/STM32F429I-Discovery/stm32f429i_discovery_lcd.o
                              0x647dd (size before relaxing)
 .debug_str     0x00072cd5      0x114 build/Utilities/STM32F429I-Discovery/stm32f429i_discovery_sdram.o
                              0x62d5b (size before relaxing)
 .debug_str     0x00072de9       0xe6 build/freertos/portable/MemMang/heap_1.o
                               0x73e9 (size before relaxing)
 .debug_str     0x00072ecf      0x757 build/freertos/portable/GCC/ARM_CM4F/port.o
                               0x6503 (size before relaxing)
 .debug_str     0x00073626       0xdb build/CORTEX_M4F_STM32F4/startup/system_stm32f4xx.o
                              0x627f5 (size before relaxing)

.comment        0x00000000       0x46
 .comment       0x00000000       0x46 build/src/draw_graph.o
                                 0x47 (size before relaxing)
 .comment       0x00000000       0x47 build/src/main.o
 .comment       0x00000000       0x47 build/src/move_car.o
 .comment       0x00000000       0x47 build/freertos/list.o
 .comment       0x00000000       0x47 build/freertos/queue.o
 .comment       0x00000000       0x47 build/freertos/tasks.o
 .comment       0x00000000       0x47 build/freertos/timers.o
 .comment       0x00000000       0x47 build/CORTEX_M4F_STM32F4/Libraries/STM32F4xx_StdPeriph_Driver/src/misc.o
 .comment       0x00000000       0x47 build/CORTEX_M4F_STM32F4/Libraries/STM32F4xx_StdPeriph_Driver/src/stm32f4xx_dma2d.o
 .comment       0x00000000       0x47 build/CORTEX_M4F_STM32F4/Libraries/STM32F4xx_StdPeriph_Driver/src/stm32f4xx_exti.o
 .comment       0x00000000       0x47 build/CORTEX_M4F_STM32F4/Libraries/STM32F4xx_StdPeriph_Driver/src/stm32f4xx_fmc.o
 .comment       0x00000000       0x47 build/CORTEX_M4F_STM32F4/Libraries/STM32F4xx_StdPeriph_Driver/src/stm32f4xx_gpio.o
 .comment       0x00000000       0x47 build/CORTEX_M4F_STM32F4/Libraries/STM32F4xx_StdPeriph_Driver/src/stm32f4xx_i2c.o
 .comment       0x00000000       0x47 build/CORTEX_M4F_STM32F4/Libraries/STM32F4xx_StdPeriph_Driver/src/stm32f4xx_ltdc.o
 .comment       0x00000000       0x47 build/CORTEX_M4F_STM32F4/Libraries/STM32F4xx_StdPeriph_Driver/src/stm32f4xx_rcc.o
 .comment       0x00000000       0x47 build/CORTEX_M4F_STM32F4/Libraries/STM32F4xx_StdPeriph_Driver/src/stm32f4xx_rng.o
 .comment       0x00000000       0x47 build/CORTEX_M4F_STM32F4/Libraries/STM32F4xx_StdPeriph_Driver/src/stm32f4xx_spi.o
 .comment       0x00000000       0x47 build/CORTEX_M4F_STM32F4/Libraries/STM32F4xx_StdPeriph_Driver/src/stm32f4xx_syscfg.o
 .comment       0x00000000       0x47 build/Utilities/STM32F429I-Discovery/stm32f429i_discovery.o
 .comment       0x00000000       0x47 build/Utilities/STM32F429I-Discovery/stm32f429i_discovery_ioe.o
 .comment       0x00000000       0x47 build/Utilities/STM32F429I-Discovery/stm32f429i_discovery_lcd.o
 .comment       0x00000000       0x47 build/Utilities/STM32F429I-Discovery/stm32f429i_discovery_sdram.o
 .comment       0x00000000       0x47 build/freertos/portable/MemMang/heap_1.o
 .comment       0x00000000       0x47 build/freertos/portable/GCC/ARM_CM4F/port.o
 .comment       0x00000000       0x47 build/CORTEX_M4F_STM32F4/startup/system_stm32f4xx.o

.debug_frame    0x00000000     0x3598
 .debug_frame   0x00000000       0x70 build/src/draw_graph.o
 .debug_frame   0x00000070       0xcc build/src/main.o
 .debug_frame   0x0000013c      0x104 build/src/move_car.o
 .debug_frame   0x00000240       0x9c build/freertos/list.o
 .debug_frame   0x000002dc      0x37c build/freertos/queue.o
 .debug_frame   0x00000658      0x578 build/freertos/tasks.o
 .debug_frame   0x00000bd0      0x1c4 build/freertos/timers.o
 .debug_frame   0x00000d94       0x9c build/CORTEX_M4F_STM32F4/Libraries/STM32F4xx_StdPeriph_Driver/src/misc.o
 .debug_frame   0x00000e30      0x21c build/CORTEX_M4F_STM32F4/Libraries/STM32F4xx_StdPeriph_Driver/src/stm32f4xx_dma2d.o
 .debug_frame   0x0000104c       0xec build/CORTEX_M4F_STM32F4/Libraries/STM32F4xx_StdPeriph_Driver/src/stm32f4xx_exti.o
 .debug_frame   0x00001138      0x300 build/CORTEX_M4F_STM32F4/Libraries/STM32F4xx_StdPeriph_Driver/src/stm32f4xx_fmc.o
 .debug_frame   0x00001438      0x19c build/CORTEX_M4F_STM32F4/Libraries/STM32F4xx_StdPeriph_Driver/src/stm32f4xx_gpio.o
 .debug_frame   0x000015d4      0x3ec build/CORTEX_M4F_STM32F4/Libraries/STM32F4xx_StdPeriph_Driver/src/stm32f4xx_i2c.o
 .debug_frame   0x000019c0      0x358 build/CORTEX_M4F_STM32F4/Libraries/STM32F4xx_StdPeriph_Driver/src/stm32f4xx_ltdc.o
 .debug_frame   0x00001d18      0x5b8 build/CORTEX_M4F_STM32F4/Libraries/STM32F4xx_StdPeriph_Driver/src/stm32f4xx_rcc.o
 .debug_frame   0x000022d0       0xec build/CORTEX_M4F_STM32F4/Libraries/STM32F4xx_StdPeriph_Driver/src/stm32f4xx_rng.o
 .debug_frame   0x000023bc      0x2d0 build/CORTEX_M4F_STM32F4/Libraries/STM32F4xx_StdPeriph_Driver/src/stm32f4xx_spi.o
 .debug_frame   0x0000268c       0xd8 build/CORTEX_M4F_STM32F4/Libraries/STM32F4xx_StdPeriph_Driver/src/stm32f4xx_syscfg.o
 .debug_frame   0x00002764      0x124 build/Utilities/STM32F429I-Discovery/stm32f429i_discovery.o
 .debug_frame   0x00002888      0x358 build/Utilities/STM32F429I-Discovery/stm32f429i_discovery_ioe.o
 .debug_frame   0x00002be0      0x628 build/Utilities/STM32F429I-Discovery/stm32f429i_discovery_lcd.o
 .debug_frame   0x00003208       0xcc build/Utilities/STM32F429I-Discovery/stm32f429i_discovery_sdram.o
 .debug_frame   0x000032d4       0x80 build/freertos/portable/MemMang/heap_1.o
 .debug_frame   0x00003354      0x188 build/freertos/portable/GCC/ARM_CM4F/port.o
 .debug_frame   0x000034dc       0x64 build/CORTEX_M4F_STM32F4/startup/system_stm32f4xx.o
 .debug_frame   0x00003540       0x2c /usr/local/csl/arm-2014.05/bin/../lib/gcc/arm-none-eabi/4.8.3/../../../../arm-none-eabi/lib/thumb2/libc.a(lib_a-memcpy-stub.o)
 .debug_frame   0x0000356c       0x2c /usr/local/csl/arm-2014.05/bin/../lib/gcc/arm-none-eabi/4.8.3/../../../../arm-none-eabi/lib/thumb2/libc.a(lib_a-memset.o)
